Archive member included to satisfy reference by file (symbol)

/home/sarthak/.config/Code/User/globalStorage/bmd.stm32-for-vscode/@xpack-dev-tools/arm-none-eabi-gcc/13.2.1-1.1.1/.content/bin/../lib/gcc/arm-none-eabi/13.2.1/../../../../arm-none-eabi/lib/thumb/v7-m/nofp/libc_nano.a(libc_a-atexit.o)
                              /home/sarthak/.config/Code/User/globalStorage/bmd.stm32-for-vscode/@xpack-dev-tools/arm-none-eabi-gcc/13.2.1-1.1.1/.content/bin/../lib/gcc/arm-none-eabi/13.2.1/../../../../arm-none-eabi/lib/thumb/v7-m/nofp/crt0.o (atexit)
/home/sarthak/.config/Code/User/globalStorage/bmd.stm32-for-vscode/@xpack-dev-tools/arm-none-eabi-gcc/13.2.1-1.1.1/.content/bin/../lib/gcc/arm-none-eabi/13.2.1/../../../../arm-none-eabi/lib/thumb/v7-m/nofp/libc_nano.a(libc_a-exit.o)
                              /home/sarthak/.config/Code/User/globalStorage/bmd.stm32-for-vscode/@xpack-dev-tools/arm-none-eabi-gcc/13.2.1-1.1.1/.content/bin/../lib/gcc/arm-none-eabi/13.2.1/../../../../arm-none-eabi/lib/thumb/v7-m/nofp/crt0.o (exit)
/home/sarthak/.config/Code/User/globalStorage/bmd.stm32-for-vscode/@xpack-dev-tools/arm-none-eabi-gcc/13.2.1-1.1.1/.content/bin/../lib/gcc/arm-none-eabi/13.2.1/../../../../arm-none-eabi/lib/thumb/v7-m/nofp/libc_nano.a(libc_a-findfp.o)
                              /home/sarthak/.config/Code/User/globalStorage/bmd.stm32-for-vscode/@xpack-dev-tools/arm-none-eabi-gcc/13.2.1-1.1.1/.content/bin/../lib/gcc/arm-none-eabi/13.2.1/../../../../arm-none-eabi/lib/thumb/v7-m/nofp/libc_nano.a(libc_a-exit.o) (__stdio_exit_handler)
/home/sarthak/.config/Code/User/globalStorage/bmd.stm32-for-vscode/@xpack-dev-tools/arm-none-eabi-gcc/13.2.1-1.1.1/.content/bin/../lib/gcc/arm-none-eabi/13.2.1/../../../../arm-none-eabi/lib/thumb/v7-m/nofp/libc_nano.a(libc_a-fwalk.o)
                              /home/sarthak/.config/Code/User/globalStorage/bmd.stm32-for-vscode/@xpack-dev-tools/arm-none-eabi-gcc/13.2.1-1.1.1/.content/bin/../lib/gcc/arm-none-eabi/13.2.1/../../../../arm-none-eabi/lib/thumb/v7-m/nofp/libc_nano.a(libc_a-findfp.o) (_fwalk_sglue)
/home/sarthak/.config/Code/User/globalStorage/bmd.stm32-for-vscode/@xpack-dev-tools/arm-none-eabi-gcc/13.2.1-1.1.1/.content/bin/../lib/gcc/arm-none-eabi/13.2.1/../../../../arm-none-eabi/lib/thumb/v7-m/nofp/libc_nano.a(libc_a-stdio.o)
                              /home/sarthak/.config/Code/User/globalStorage/bmd.stm32-for-vscode/@xpack-dev-tools/arm-none-eabi-gcc/13.2.1-1.1.1/.content/bin/../lib/gcc/arm-none-eabi/13.2.1/../../../../arm-none-eabi/lib/thumb/v7-m/nofp/libc_nano.a(libc_a-findfp.o) (__sread)
/home/sarthak/.config/Code/User/globalStorage/bmd.stm32-for-vscode/@xpack-dev-tools/arm-none-eabi-gcc/13.2.1-1.1.1/.content/bin/../lib/gcc/arm-none-eabi/13.2.1/../../../../arm-none-eabi/lib/thumb/v7-m/nofp/libc_nano.a(libc_a-memset.o)
                              /home/sarthak/.config/Code/User/globalStorage/bmd.stm32-for-vscode/@xpack-dev-tools/arm-none-eabi-gcc/13.2.1-1.1.1/.content/bin/../lib/gcc/arm-none-eabi/13.2.1/../../../../arm-none-eabi/lib/thumb/v7-m/nofp/crt0.o (memset)
/home/sarthak/.config/Code/User/globalStorage/bmd.stm32-for-vscode/@xpack-dev-tools/arm-none-eabi-gcc/13.2.1-1.1.1/.content/bin/../lib/gcc/arm-none-eabi/13.2.1/../../../../arm-none-eabi/lib/thumb/v7-m/nofp/libc_nano.a(libc_a-closer.o)
                              /home/sarthak/.config/Code/User/globalStorage/bmd.stm32-for-vscode/@xpack-dev-tools/arm-none-eabi-gcc/13.2.1-1.1.1/.content/bin/../lib/gcc/arm-none-eabi/13.2.1/../../../../arm-none-eabi/lib/thumb/v7-m/nofp/libc_nano.a(libc_a-stdio.o) (_close_r)
/home/sarthak/.config/Code/User/globalStorage/bmd.stm32-for-vscode/@xpack-dev-tools/arm-none-eabi-gcc/13.2.1-1.1.1/.content/bin/../lib/gcc/arm-none-eabi/13.2.1/../../../../arm-none-eabi/lib/thumb/v7-m/nofp/libc_nano.a(libc_a-reent.o)
                              /home/sarthak/.config/Code/User/globalStorage/bmd.stm32-for-vscode/@xpack-dev-tools/arm-none-eabi-gcc/13.2.1-1.1.1/.content/bin/../lib/gcc/arm-none-eabi/13.2.1/../../../../arm-none-eabi/lib/thumb/v7-m/nofp/libc_nano.a(libc_a-closer.o) (errno)
/home/sarthak/.config/Code/User/globalStorage/bmd.stm32-for-vscode/@xpack-dev-tools/arm-none-eabi-gcc/13.2.1-1.1.1/.content/bin/../lib/gcc/arm-none-eabi/13.2.1/../../../../arm-none-eabi/lib/thumb/v7-m/nofp/libc_nano.a(libc_a-impure.o)
                              /home/sarthak/.config/Code/User/globalStorage/bmd.stm32-for-vscode/@xpack-dev-tools/arm-none-eabi-gcc/13.2.1-1.1.1/.content/bin/../lib/gcc/arm-none-eabi/13.2.1/../../../../arm-none-eabi/lib/thumb/v7-m/nofp/libc_nano.a(libc_a-reent.o) (_impure_ptr)
/home/sarthak/.config/Code/User/globalStorage/bmd.stm32-for-vscode/@xpack-dev-tools/arm-none-eabi-gcc/13.2.1-1.1.1/.content/bin/../lib/gcc/arm-none-eabi/13.2.1/../../../../arm-none-eabi/lib/thumb/v7-m/nofp/libc_nano.a(libc_a-lseekr.o)
[...]
Memory Configuration

Name             Origin             Length             Attributes
RAM              0x20000000         0x00005000         xrw
FLASH            0x08000000         0x00020000         xr
*default*        0x00000000         0xffffffff

Linker script and memory map

LOAD /home/sarthak/.config/Code/User/globalStorage/bmd.stm32-for-vscode/@xpack-dev-tools/arm-none-eabi-gcc/13.2.1-1.1.1/.content/bin/../lib/gcc/arm-none-eabi/13.2.1/thumb/v7-m/nofp/crti.o
LOAD /home/sarthak/.config/Code/User/globalStorage/bmd.stm32-for-vscode/@xpack-dev-tools/arm-none-eabi-gcc/13.2.1-1.1.1/.content/bin/../lib/gcc/arm-none-eabi/13.2.1/thumb/v7-m/nofp/crtbegin.o
LOAD /home/sarthak/.config/Code/User/globalStorage/bmd.stm32-for-vscode/@xpack-dev-tools/arm-none-eabi-gcc/13.2.1-1.1.1/.content/bin/../lib/gcc/arm-none-eabi/13.2.1/../../../../arm-none-eabi/lib/thumb/v7-m/nofp/crt0.o
LOAD build/debug/Core/Src/gpio.o
LOAD build/debug/Core/Src/i2c.o
LOAD build/debug/Core/Src/i2c_slave.o
LOAD build/debug/Core/Src/main.o
LOAD build/debug/Core/Src/stm32f1xx_hal_msp.o
LOAD build/debug/Core/Src/stm32f1xx_it.o
LOAD build/debug/Core/Src/syscalls.o
LOAD build/debug/Core/Src/sysmem.o
LOAD build/debug/Core/Src/system_stm32f1xx.o
LOAD build/debug/Drivers/STM32F1xx_HAL_Driver/Src/stm32f1xx_hal.o
LOAD build/debug/Drivers/STM32F1xx_HAL_Driver/Src/stm32f1xx_hal_cortex.o
LOAD build/debug/Drivers/STM32F1xx_HAL_Driver/Src/stm32f1xx_hal_dma.o
LOAD build/debug/Drivers/STM32F1xx_HAL_Driver/Src/stm32f1xx_hal_exti.o
LOAD build/debug/Drivers/STM32F1xx_HAL_Driver/Src/stm32f1xx_hal_flash.o
LOAD build/debug/Drivers/STM32F1xx_HAL_Driver/Src/stm32f1xx_hal_flash_ex.o
LOAD build/debug/Drivers/STM32F1xx_HAL_Driver/Src/stm32f1xx_hal_gpio.o
LOAD build/debug/Drivers/STM32F1xx_HAL_Driver/Src/stm32f1xx_hal_gpio_ex.o
LOAD build/debug/Drivers/STM32F1xx_HAL_Driver/Src/stm32f1xx_hal_i2c.o
LOAD build/debug/Drivers/STM32F1xx_HAL_Driver/Src/stm32f1xx_hal_pwr.o
LOAD build/debug/Drivers/STM32F1xx_HAL_Driver/Src/stm32f1xx_hal_rcc.o
LOAD build/debug/Drivers/STM32F1xx_HAL_Driver/Src/stm32f1xx_hal_rcc_ex.o
LOAD build/debug/Drivers/STM32F1xx_HAL_Driver/Src/stm32f1xx_hal_tim.o
LOAD build/debug/Drivers/STM32F1xx_HAL_Driver/Src/stm32f1xx_hal_tim_ex.o
LOAD build/debug/startup_stm32f103xb.o
LOAD /home/sarthak/.config/Code/User/globalStorage/bmd.stm32-for-vscode/@xpack-dev-tools/arm-none-eabi-gcc/13.2.1-1.1.1/.content/bin/../lib/gcc/arm-none-eabi/13.2.1/../../../../arm-none-eabi/lib/thumb/v7-m/nofp/libc_nano.a
LOAD /home/sarthak/.config/Code/User/globalStorage/bmd.stm32-for-vscode/@xpack-dev-tools/arm-none-eabi-gcc/13.2.1-1.1.1/.content/bin/../lib/gcc/arm-none-eabi/13.2.1/../../../../arm-none-eabi/lib/thumb/v7-m/nofp/libm.a
LOAD /home/sarthak/.config/Code/User/globalStorage/bmd.stm32-for-vscode/@xpack-dev-tools/arm-none-eabi-gcc/13.2.1-1.1.1/.content/bin/../lib/gcc/arm-none-eabi/13.2.1/../../../../arm-none-eabi/lib/thumb/v7-m/nofp/libnosys.a
START GROUP
LOAD /home/sarthak/.config/Code/User/globalStorage/bmd.stm32-for-vscode/@xpack-dev-tools/arm-none-eabi-gcc/13.2.1-1.1.1/.content/bin/../lib/gcc/arm-none-eabi/13.2.1/thumb/v7-m/nofp/libgcc.a
LOAD /home/sarthak/.config/Code/User/globalStorage/bmd.stm32-for-vscode/@xpack-dev-tools/arm-none-eabi-gcc/13.2.1-1.1.1/.content/bin/../lib/gcc/arm-none-eabi/13.2.1/../../../../arm-none-eabi/lib/thumb/v7-m/nofp/libc_nano.a
END GROUP
START GROUP
LOAD /home/sarthak/.config/Code/User/globalStorage/bmd.stm32-for-vscode/@xpack-dev-tools/arm-none-eabi-gcc/13.2.1-1.1.1/.content/bin/../lib/gcc/arm-none-eabi/13.2.1/thumb/v7-m/nofp/libgcc.a
LOAD /home/sarthak/.config/Code/User/globalStorage/bmd.stm32-for-vscode/@xpack-dev-tools/arm-none-eabi-gcc/13.2.1-1.1.1/.content/bin/../lib/gcc/arm-none-eabi/13.2.1/../../../../arm-none-eabi/lib/thumb/v7-m/nofp/libc_nano.a
END GROUP
LOAD /home/sarthak/.config/Code/User/globalStorage/bmd.stm32-for-vscode/@xpack-dev-tools/arm-none-eabi-gcc/13.2.1-1.1.1/.content/bin/../lib/gcc/arm-none-eabi/13.2.1/thumb/v7-m/nofp/crtend.o
LOAD /home/sarthak/.config/Code/User/globalStorage/bmd.stm32-for-vscode/@xpack-dev-tools/arm-none-eabi-gcc/13.2.1-1.1.1/.content/bin/../lib/gcc/arm-none-eabi/13.2.1/thumb/v7-m/nofp/crtn.o
                0x20005000                        _estack = (ORIGIN (RAM) + LENGTH (RAM))
                0x00000200                        _Min_Heap_Size = 0x200
                0x00000400                        _Min_Stack_Size = 0x400

.isr_vector     0x08000000      0x10c
                0x08000000                        . = ALIGN (0x4)
 *(.isr_vector)
 .isr_vector    0x08000000      0x10c build/debug/startup_stm32f103xb.o
                0x08000000                g_pfnVectors
                0x0800010c                        . = ALIGN (0x4)

.text           0x0800010c     0x2080
                0x0800010c                        . = ALIGN (0x4)
 *(.text)
 *(.text*)
 .text.__do_global_dtors_aux
                0x0800010c       0x24 /home/sarthak/.config/Code/User/globalStorage/bmd.stm32-for-vscode/@xpack-dev-tools/arm-none-eabi-gcc/13.2.1-1.1.1/.content/bin/../lib/gcc/arm-none-eabi/13.2.1/thumb/v7-m/nofp/crtbegin.o
 .text.frame_dummy
                0x08000130       0x1c /home/sarthak/.config/Code/User/globalStorage/bmd.stm32-for-vscode/@xpack-dev-tools/arm-none-eabi-gcc/13.2.1-1.1.1/.content/bin/../lib/gcc/arm-none-eabi/13.2.1/thumb/v7-m/nofp/crtbegin.o
 .text.MX_GPIO_Init
                0x0800014c       0x44 build/debug/Core/Src/gpio.o
                0x0800014c                MX_GPIO_Init
 .text.MX_I2C1_Init
                0x08000190       0x3c build/debug/Core/Src/i2c.o
                0x08000190                MX_I2C1_Init
 .text.HAL_I2C_MspInit
                0x080001cc       0x84 build/debug/Core/Src/i2c.o
                0x080001cc                HAL_I2C_MspInit
 .text.HAL_I2C_ListenCpltCallback
                0x08000250        0x8 build/debug/Core/Src/i2c_slave.o
                0x08000250                HAL_I2C_ListenCpltCallback
 .text.HAL_I2C_AddrCallback
                0x08000258       0x1c build/debug/Core/Src/i2c_slave.o
                0x08000258                HAL_I2C_AddrCallback
 .text.HAL_I2C_SlaveRxCpltCallback
                0x08000274       0x10 build/debug/Core/Src/i2c_slave.o
                0x08000274                HAL_I2C_SlaveRxCpltCallback
 .text.HAL_I2C_ErrorCallback
                0x08000284        0x8 build/debug/Core/Src/i2c_slave.o
                0x08000284                HAL_I2C_ErrorCallback
 .text.Error_Handler
                0x0800028c        0x4 build/debug/Core/Src/main.o
                0x0800028c                Error_Handler
 .text.SystemClock_Config
                0x08000290       0x64 build/debug/Core/Src/main.o
                0x08000290                SystemClock_Config
 .text.main     0x080002f4       0x24 build/debug/Core/Src/main.o
                0x080002f4                main
 .text.HAL_MspInit
                0x08000318       0x44 build/debug/Core/Src/stm32f1xx_hal_msp.o
                0x08000318                HAL_MspInit
 .text.NMI_Handler
                0x0800035c        0x2 build/debug/Core/Src/stm32f1xx_it.o
                0x0800035c                NMI_Handler
 .text.HardFault_Handler
                0x0800035e        0x2 build/debug/Core/Src/stm32f1xx_it.o
                0x0800035e                HardFault_Handler
 .text.MemManage_Handler
                0x08000360        0x2 build/debug/Core/Src/stm32f1xx_it.o
                0x08000360                MemManage_Handler
 .text.BusFault_Handler
                0x08000362        0x2 build/debug/Core/Src/stm32f1xx_it.o
                0x08000362                BusFault_Handler
 .text.UsageFault_Handler
                0x08000364        0x2 build/debug/Core/Src/stm32f1xx_it.o
                0x08000364                UsageFault_Handler
 .text.SVC_Handler
                0x08000366        0x2 build/debug/Core/Src/stm32f1xx_it.o
                0x08000366                SVC_Handler
 .text.DebugMon_Handler
                0x08000368        0x2 build/debug/Core/Src/stm32f1xx_it.o
                0x08000368                DebugMon_Handler
 .text.PendSV_Handler
                0x0800036a        0x2 build/debug/Core/Src/stm32f1xx_it.o
                0x0800036a                PendSV_Handler
 .text.SysTick_Handler
                0x0800036c        0x8 build/debug/Core/Src/stm32f1xx_it.o
                0x0800036c                SysTick_Handler
 .text.I2C1_EV_IRQHandler
                0x08000374       0x10 build/debug/Core/Src/stm32f1xx_it.o
                0x08000374                I2C1_EV_IRQHandler
 .text.I2C1_ER_IRQHandler
                0x08000384       0x10 build/debug/Core/Src/stm32f1xx_it.o
                0x08000384                I2C1_ER_IRQHandler
 .text.SystemInit
                0x08000394        0x2 build/debug/Core/Src/system_stm32f1xx.o
                0x08000394                SystemInit
 *fill*         0x08000396        0x2 
 .text.HAL_InitTick
                0x08000398       0x4c build/debug/Drivers/STM32F1xx_HAL_Driver/Src/stm32f1xx_hal.o
                0x08000398                HAL_InitTick
 .text.HAL_Init
                0x080003e4       0x24 build/debug/Drivers/STM32F1xx_HAL_Driver/Src/stm32f1xx_hal.o
                0x080003e4                HAL_Init
 .text.HAL_IncTick
                0x08000408       0x18 build/debug/Drivers/STM32F1xx_HAL_Driver/Src/stm32f1xx_hal.o
                0x08000408                HAL_IncTick
 .text.HAL_GetTick
                0x08000420        0xc build/debug/Drivers/STM32F1xx_HAL_Driver/Src/stm32f1xx_hal.o
                0x08000420                HAL_GetTick
 .text.__NVIC_SetPriority
                0x0800042c       0x28 build/debug/Drivers/STM32F1xx_HAL_Driver/Src/stm32f1xx_hal_cortex.o
 .text.NVIC_EncodePriority
                0x08000454       0x3e build/debug/Drivers/STM32F1xx_HAL_Driver/Src/stm32f1xx_hal_cortex.o
 *fill*         0x08000492        0x2 
 .text.HAL_NVIC_SetPriorityGrouping
                0x08000494       0x24 build/debug/Drivers/STM32F1xx_HAL_Driver/Src/stm32f1xx_hal_cortex.o
                0x08000494                HAL_NVIC_SetPriorityGrouping
 .text.HAL_NVIC_SetPriority
                0x080004b8       0x20 build/debug/Drivers/STM32F1xx_HAL_Driver/Src/stm32f1xx_hal_cortex.o
                0x080004b8                HAL_NVIC_SetPriority
 .text.HAL_NVIC_EnableIRQ
                0x080004d8       0x1c build/debug/Drivers/STM32F1xx_HAL_Driver/Src/stm32f1xx_hal_cortex.o
                0x080004d8                HAL_NVIC_EnableIRQ
 .text.HAL_SYSTICK_Config
                0x080004f4       0x28 build/debug/Drivers/STM32F1xx_HAL_Driver/Src/stm32f1xx_hal_cortex.o
                0x080004f4                HAL_SYSTICK_Config
 .text.HAL_DMA_Abort_IT
                0x0800051c       0x98 build/debug/Drivers/STM32F1xx_HAL_Driver/Src/stm32f1xx_hal_dma.o
                0x0800051c                HAL_DMA_Abort_IT
 .text.HAL_DMA_GetState
                0x080005b4        0x6 build/debug/Drivers/STM32F1xx_HAL_Driver/Src/stm32f1xx_hal_dma.o
                0x080005b4                HAL_DMA_GetState
 *fill*         0x080005ba        0x2 
 .text.HAL_GPIO_Init
                0x080005bc      0x21c build/debug/Drivers/STM32F1xx_HAL_Driver/Src/stm32f1xx_hal_gpio.o
                0x080005bc                HAL_GPIO_Init
 .text.I2C_Flush_DR
                0x080007d8       0x10 build/debug/Drivers/STM32F1xx_HAL_Driver/Src/stm32f1xx_hal_i2c.o
 .text.I2C_Master_SB
                0x080007e8       0xa8 build/debug/Drivers/STM32F1xx_HAL_Driver/Src/stm32f1xx_hal_i2c.o
 .text.I2C_Master_ADD10
                0x08000890       0x2a build/debug/Drivers/STM32F1xx_HAL_Driver/Src/stm32f1xx_hal_i2c.o
 *fill*         0x080008ba        0x2 
 .text.I2C_Master_ADDR
                0x080008bc      0x244 build/debug/Drivers/STM32F1xx_HAL_Driver/Src/stm32f1xx_hal_i2c.o
 .text.I2C_SlaveTransmit_BTF
                0x08000b00       0x20 build/debug/Drivers/STM32F1xx_HAL_Driver/Src/stm32f1xx_hal_i2c.o
 .text.I2C_SlaveReceive_BTF
                0x08000b20       0x20 build/debug/Drivers/STM32F1xx_HAL_Driver/Src/stm32f1xx_hal_i2c.o
 .text.I2C_WaitOnSTOPRequestThroughIT
                0x08000b40       0x48 build/debug/Drivers/STM32F1xx_HAL_Driver/Src/stm32f1xx_hal_i2c.o
 .text.I2C_ConvertOtherXferOptions
                0x08000b88       0x1e build/debug/Drivers/STM32F1xx_HAL_Driver/Src/stm32f1xx_hal_i2c.o
 *fill*         0x08000ba6        0x2 
 .text.HAL_I2C_Init
                0x08000ba8      0x1bc build/debug/Drivers/STM32F1xx_HAL_Driver/Src/stm32f1xx_hal_i2c.o
                0x08000ba8                HAL_I2C_Init
 .text.HAL_I2C_Slave_Seq_Receive_IT
                0x08000d64       0x90 build/debug/Drivers/STM32F1xx_HAL_Driver/Src/stm32f1xx_hal_i2c.o
                0x08000d64                HAL_I2C_Slave_Seq_Receive_IT
 .text.HAL_I2C_EnableListen_IT
                0x08000df4       0x3e build/debug/Drivers/STM32F1xx_HAL_Driver/Src/stm32f1xx_hal_i2c.o
                0x08000df4                HAL_I2C_EnableListen_IT
 .text.HAL_I2C_MasterTxCpltCallback
                0x08000e32        0x2 build/debug/Drivers/STM32F1xx_HAL_Driver/Src/stm32f1xx_hal_i2c.o
                0x08000e32                HAL_I2C_MasterTxCpltCallback
 .text.HAL_I2C_MasterRxCpltCallback
                0x08000e34        0x2 build/debug/Drivers/STM32F1xx_HAL_Driver/Src/stm32f1xx_hal_i2c.o
                0x08000e34                HAL_I2C_MasterRxCpltCallback
 .text.HAL_I2C_SlaveTxCpltCallback
                0x08000e36        0x2 build/debug/Drivers/STM32F1xx_HAL_Driver/Src/stm32f1xx_hal_i2c.o
                0x08000e36                HAL_I2C_SlaveTxCpltCallback
 .text.I2C_SlaveTransmit_TXE
                0x08000e38       0x4c build/debug/Drivers/STM32F1xx_HAL_Driver/Src/stm32f1xx_hal_i2c.o
 .text.I2C_SlaveReceive_RXNE
                0x08000e84       0x4c build/debug/Drivers/STM32F1xx_HAL_Driver/Src/stm32f1xx_hal_i2c.o
 .text.I2C_Slave_ADDR
                0x08000ed0       0x5a build/debug/Drivers/STM32F1xx_HAL_Driver/Src/stm32f1xx_hal_i2c.o
 *fill*         0x08000f2a        0x2 
 .text.I2C_Slave_AF
                0x08000f2c       0xa0 build/debug/Drivers/STM32F1xx_HAL_Driver/Src/stm32f1xx_hal_i2c.o
 .text.HAL_I2C_MemTxCpltCallback
                0x08000fcc        0x2 build/debug/Drivers/STM32F1xx_HAL_Driver/Src/stm32f1xx_hal_i2c.o
                0x08000fcc                HAL_I2C_MemTxCpltCallback
 .text.I2C_MasterTransmit_BTF
                0x08000fce       0x9e build/debug/Drivers/STM32F1xx_HAL_Driver/Src/stm32f1xx_hal_i2c.o
 .text.I2C_MemoryTransmit_TXE_BTF
                0x0800106c       0xc4 build/debug/Drivers/STM32F1xx_HAL_Driver/Src/stm32f1xx_hal_i2c.o
 .text.I2C_MasterTransmit_TXE
                0x08001130       0xd4 build/debug/Drivers/STM32F1xx_HAL_Driver/Src/stm32f1xx_hal_i2c.o
 .text.HAL_I2C_MemRxCpltCallback
                0x08001204        0x2 build/debug/Drivers/STM32F1xx_HAL_Driver/Src/stm32f1xx_hal_i2c.o
                0x08001204                HAL_I2C_MemRxCpltCallback
 .text.I2C_MasterReceive_BTF
                0x08001206      0x140 build/debug/Drivers/STM32F1xx_HAL_Driver/Src/stm32f1xx_hal_i2c.o
 .text.I2C_MasterReceive_RXNE
                0x08001346      0x106 build/debug/Drivers/STM32F1xx_HAL_Driver/Src/stm32f1xx_hal_i2c.o
 .text.HAL_I2C_AbortCpltCallback
                0x0800144c        0x2 build/debug/Drivers/STM32F1xx_HAL_Driver/Src/stm32f1xx_hal_i2c.o
                0x0800144c                HAL_I2C_AbortCpltCallback
 *fill*         0x0800144e        0x2 
 .text.I2C_DMAAbort
                0x08001450       0xe4 build/debug/Drivers/STM32F1xx_HAL_Driver/Src/stm32f1xx_hal_i2c.o
 .text.I2C_ITError
                0x08001534      0x178 build/debug/Drivers/STM32F1xx_HAL_Driver/Src/stm32f1xx_hal_i2c.o
 .text.I2C_Slave_STOPF
                0x080016ac      0x18c build/debug/Drivers/STM32F1xx_HAL_Driver/Src/stm32f1xx_hal_i2c.o
 .text.HAL_I2C_EV_IRQHandler
                0x08001838      0x1a0 build/debug/Drivers/STM32F1xx_HAL_Driver/Src/stm32f1xx_hal_i2c.o
                0x08001838                HAL_I2C_EV_IRQHandler
 .text.HAL_I2C_ER_IRQHandler
                0x080019d8       0xce build/debug/Drivers/STM32F1xx_HAL_Driver/Src/stm32f1xx_hal_i2c.o
                0x080019d8                HAL_I2C_ER_IRQHandler
 *fill*         0x08001aa6        0x2 
 .text.RCC_Delay
                0x08001aa8       0x2c build/debug/Drivers/STM32F1xx_HAL_Driver/Src/stm32f1xx_hal_rcc.o
 .text.HAL_RCC_OscConfig
                0x08001ad4      0x410 build/debug/Drivers/STM32F1xx_HAL_Driver/Src/stm32f1xx_hal_rcc.o
                0x08001ad4                HAL_RCC_OscConfig
 .text.HAL_RCC_GetSysClockFreq
                0x08001ee4       0x54 build/debug/Drivers/STM32F1xx_HAL_Driver/Src/stm32f1xx_hal_rcc.o
                0x08001ee4                HAL_RCC_GetSysClockFreq
 .text.HAL_RCC_ClockConfig
                0x08001f38      0x16c build/debug/Drivers/STM32F1xx_HAL_Driver/Src/stm32f1xx_hal_rcc.o
                0x08001f38                HAL_RCC_ClockConfig
 .text.HAL_RCC_GetHCLKFreq
                0x080020a4        0xc build/debug/Drivers/STM32F1xx_HAL_Driver/Src/stm32f1xx_hal_rcc.o
                0x080020a4                HAL_RCC_GetHCLKFreq
 .text.HAL_RCC_GetPCLK1Freq
                0x080020b0       0x20 build/debug/Drivers/STM32F1xx_HAL_Driver/Src/stm32f1xx_hal_rcc.o
                0x080020b0                HAL_RCC_GetPCLK1Freq
 .text.Reset_Handler
                0x080020d0       0x48 build/debug/startup_stm32f103xb.o
                0x080020d0                Reset_Handler
 .text.Default_Handler
                0x08002118        0x2 build/debug/startup_stm32f103xb.o
                0x08002118                RTC_Alarm_IRQHandler
                0x08002118                EXTI2_IRQHandler
                0x08002118                TIM1_CC_IRQHandler
                0x08002118                PVD_IRQHandler
                0x08002118                EXTI3_IRQHandler
                0x08002118                EXTI0_IRQHandler
                0x08002118                I2C2_EV_IRQHandler
                0x08002118                ADC1_2_IRQHandler
                0x08002118                SPI1_IRQHandler
                0x08002118                TAMPER_IRQHandler
                0x08002118                DMA1_Channel4_IRQHandler
                0x08002118                USART3_IRQHandler
                0x08002118                RTC_IRQHandler
                0x08002118                DMA1_Channel7_IRQHandler
                0x08002118                CAN1_RX1_IRQHandler
                0x08002118                TIM4_IRQHandler
                0x08002118                DMA1_Channel6_IRQHandler
                0x08002118                TIM3_IRQHandler
                0x08002118                RCC_IRQHandler
                0x08002118                TIM1_TRG_COM_IRQHandler
                0x08002118                DMA1_Channel1_IRQHandler
                0x08002118                Default_Handler
                0x08002118                EXTI15_10_IRQHandler
                0x08002118                EXTI9_5_IRQHandler
                0x08002118                SPI2_IRQHandler
                0x08002118                DMA1_Channel5_IRQHandler
                0x08002118                EXTI4_IRQHandler
                0x08002118                USB_LP_CAN1_RX0_IRQHandler
                0x08002118                USB_HP_CAN1_TX_IRQHandler
                0x08002118                DMA1_Channel3_IRQHandler
                0x08002118                TIM1_UP_IRQHandler
                0x08002118                WWDG_IRQHandler
                0x08002118                TIM2_IRQHandler
                0x08002118                TIM1_BRK_IRQHandler
                0x08002118                EXTI1_IRQHandler
                0x08002118                USART2_IRQHandler
                0x08002118                I2C2_ER_IRQHandler
                0x08002118                DMA1_Channel2_IRQHandler
                0x08002118                CAN1_SCE_IRQHandler
                0x08002118                FLASH_IRQHandler
                0x08002118                USART1_IRQHandler
                0x08002118                USBWakeUp_IRQHandler
 .text.memset   0x0800211a       0x10 /home/sarthak/.config/Code/User/globalStorage/bmd.stm32-for-vscode/@xpack-dev-tools/arm-none-eabi-gcc/13.2.1-1.1.1/.content/bin/../lib/gcc/arm-none-eabi/13.2.1/../../../../arm-none-eabi/lib/thumb/v7-m/nofp/libc_nano.a(libc_a-memset.o)
                0x0800211a                memset
 *fill*         0x0800212a        0x2 
 .text.__libc_init_array
                0x0800212c       0x48 /home/sarthak/.config/Code/User/globalStorage/bmd.stm32-for-vscode/@xpack-dev-tools/arm-none-eabi-gcc/13.2.1-1.1.1/.content/bin/../lib/gcc/arm-none-eabi/13.2.1/../../../../arm-none-eabi/lib/thumb/v7-m/nofp/libc_nano.a(libc_a-init.o)
                0x0800212c                __libc_init_array
 *(.glue_7)
 .glue_7        0x08002174        0x0 linker stubs
 *(.glue_7t)
 .glue_7t       0x08002174        0x0 linker stubs
 *(.eh_frame)
 .eh_frame      0x08002174        0x0 /home/sarthak/.config/Code/User/globalStorage/bmd.stm32-for-vscode/@xpack-dev-tools/arm-none-eabi-gcc/13.2.1-1.1.1/.content/bin/../lib/gcc/arm-none-eabi/13.2.1/thumb/v7-m/nofp/crtbegin.o
 *(.init)
 .init          0x08002174        0x4 /home/sarthak/.config/Code/User/globalStorage/bmd.stm32-for-vscode/@xpack-dev-tools/arm-none-eabi-gcc/13.2.1-1.1.1/.content/bin/../lib/gcc/arm-none-eabi/13.2.1/thumb/v7-m/nofp/crti.o
                0x08002174                _init
 .init          0x08002178        0x8 /home/sarthak/.config/Code/User/globalStorage/bmd.stm32-for-vscode/@xpack-dev-tools/arm-none-eabi-gcc/13.2.1-1.1.1/.content/bin/../lib/gcc/arm-none-eabi/13.2.1/thumb/v7-m/nofp/crtn.o
 *(.fini)
 .fini          0x08002180        0x4 /home/sarthak/.config/Code/User/globalStorage/bmd.stm32-for-vscode/@xpack-dev-tools/arm-none-eabi-gcc/13.2.1-1.1.1/.content/bin/../lib/gcc/arm-none-eabi/13.2.1/thumb/v7-m/nofp/crti.o
                0x08002180                _fini
 .fini          0x08002184        0x8 /home/sarthak/.config/Code/User/globalStorage/bmd.stm32-for-vscode/@xpack-dev-tools/arm-none-eabi-gcc/13.2.1-1.1.1/.content/bin/../lib/gcc/arm-none-eabi/13.2.1/thumb/v7-m/nofp/crtn.o
                0x0800218c                        . = ALIGN (0x4)
                0x0800218c                        _etext = .

.vfp11_veneer   0x0800218c        0x0
 .vfp11_veneer  0x0800218c        0x0 linker stubs

.v4_bx          0x0800218c        0x0
 .v4_bx         0x0800218c        0x0 linker stubs

.iplt           0x0800218c        0x0
 .iplt          0x0800218c        0x0 /home/sarthak/.config/Code/User/globalStorage/bmd.stm32-for-vscode/@xpack-dev-tools/arm-none-eabi-gcc/13.2.1-1.1.1/.content/bin/../lib/gcc/arm-none-eabi/13.2.1/thumb/v7-m/nofp/crtbegin.o

.rodata         0x0800218c       0x2c
                0x0800218c                        . = ALIGN (0x4)
 *(.rodata)
 *(.rodata*)
 .rodata.APBPrescTable
                0x0800218c        0x8 build/debug/Core/Src/system_stm32f1xx.o
                0x0800218c                APBPrescTable
 .rodata.AHBPrescTable
                0x08002194       0x10 build/debug/Core/Src/system_stm32f1xx.o
                0x08002194                AHBPrescTable
 .rodata.aPredivFactorTable.0
                0x080021a4        0x2 build/debug/Drivers/STM32F1xx_HAL_Driver/Src/stm32f1xx_hal_rcc.o
 *fill*         0x080021a6        0x2 
 .rodata.aPLLMULFactorTable.1
                0x080021a8       0x10 build/debug/Drivers/STM32F1xx_HAL_Driver/Src/stm32f1xx_hal_rcc.o
                0x080021b8                        . = ALIGN (0x4)

.rel.dyn        0x080021b8        0x0
 .rel.iplt      0x080021b8        0x0 /home/sarthak/.config/Code/User/globalStorage/bmd.stm32-for-vscode/@xpack-dev-tools/arm-none-eabi-gcc/13.2.1-1.1.1/.content/bin/../lib/gcc/arm-none-eabi/13.2.1/thumb/v7-m/nofp/crtbegin.o

.ARM.extab
 *(.ARM.extab* .gnu.linkonce.armextab.*)

.ARM            0x080021b8        0x0
                0x080021b8                        __exidx_start = .
 *(.ARM.exidx*)
                0x080021b8                        __exidx_end = .

.preinit_array  0x080021b8        0x0
                0x080021b8                        PROVIDE (__preinit_array_start = .)
 *(.preinit_array*)
                0x080021b8                        PROVIDE (__preinit_array_end = .)

.init_array     0x080021b8        0x4
                0x080021b8                        PROVIDE (__init_array_start = .)
 *(SORT_BY_NAME(.init_array.*))
 *(.init_array*)
 .init_array    0x080021b8        0x4 /home/sarthak/.config/Code/User/globalStorage/bmd.stm32-for-vscode/@xpack-dev-tools/arm-none-eabi-gcc/13.2.1-1.1.1/.content/bin/../lib/gcc/arm-none-eabi/13.2.1/thumb/v7-m/nofp/crtbegin.o
                0x080021bc                        PROVIDE (__init_array_end = .)

.fini_array     0x080021bc        0x4
                0x080021bc                        PROVIDE (__fini_array_start = .)
 *(SORT_BY_NAME(.fini_array.*))
 *(.fini_array*)
 .fini_array    0x080021bc        0x4 /home/sarthak/.config/Code/User/globalStorage/bmd.stm32-for-vscode/@xpack-dev-tools/arm-none-eabi-gcc/13.2.1-1.1.1/.content/bin/../lib/gcc/arm-none-eabi/13.2.1/thumb/v7-m/nofp/crtbegin.o
                0x080021c0                        PROVIDE (__fini_array_end = .)
                0x080021c0                        _sidata = LOADADDR (.data)

.data           0x20000000        0xc load address 0x080021c0
                0x20000000                        . = ALIGN (0x4)
                0x20000000                        _sdata = .
 *(.data)
 *(.data*)
 .data.SystemCoreClock
                0x20000000        0x4 build/debug/Core/Src/system_stm32f1xx.o
                0x20000000                SystemCoreClock
 .data.uwTickFreq
                0x20000004        0x1 build/debug/Drivers/STM32F1xx_HAL_Driver/Src/stm32f1xx_hal.o
                0x20000004                uwTickFreq
 *fill*         0x20000005        0x3 
 .data.uwTickPrio
                0x20000008        0x4 build/debug/Drivers/STM32F1xx_HAL_Driver/Src/stm32f1xx_hal.o
                0x20000008                uwTickPrio
                0x2000000c                        . = ALIGN (0x4)
                0x2000000c                        _edata = .

.igot.plt       0x2000000c        0x0 load address 0x080021cc
 .igot.plt      0x2000000c        0x0 /home/sarthak/.config/Code/User/globalStorage/bmd.stm32-for-vscode/@xpack-dev-tools/arm-none-eabi-gcc/13.2.1-1.1.1/.content/bin/../lib/gcc/arm-none-eabi/13.2.1/thumb/v7-m/nofp/crtbegin.o
                0x2000000c                        . = ALIGN (0x4)

.bss            0x2000000c       0x80 load address 0x080021cc
                0x2000000c                        _sbss = .
                0x2000000c                        __bss_start__ = _sbss
 *(.bss)
 *(.bss*)
 .bss.completed.1
                0x2000000c        0x1 /home/sarthak/.config/Code/User/globalStorage/bmd.stm32-for-vscode/@xpack-dev-tools/arm-none-eabi-gcc/13.2.1-1.1.1/.content/bin/../lib/gcc/arm-none-eabi/13.2.1/thumb/v7-m/nofp/crtbegin.o
 *fill*         0x2000000d        0x3 
 .bss.object.0  0x20000010       0x18 /home/sarthak/.config/Code/User/globalStorage/bmd.stm32-for-vscode/@xpack-dev-tools/arm-none-eabi-gcc/13.2.1-1.1.1/.content/bin/../lib/gcc/arm-none-eabi/13.2.1/thumb/v7-m/nofp/crtbegin.o
 .bss.hi2c1     0x20000028       0x54 build/debug/Core/Src/i2c.o
                0x20000028                hi2c1
 .bss.count     0x2000007c        0x4 build/debug/Core/Src/i2c_slave.o
                0x2000007c                count
 .bss.RxData    0x20000080        0x6 build/debug/Core/Src/i2c_slave.o
                0x20000080                RxData
 *fill*         0x20000086        0x2 
 .bss.uwTick    0x20000088        0x4 build/debug/Drivers/STM32F1xx_HAL_Driver/Src/stm32f1xx_hal.o
                0x20000088                uwTick
 *(COMMON)
                0x2000008c                        . = ALIGN (0x4)
                0x2000008c                        _ebss = .
                0x2000008c                        __bss_end__ = _ebss

._user_heap_stack
                0x2000008c      0x604 load address 0x080021cc
                0x20000090                        . = ALIGN (0x8)
 *fill*         0x2000008c        0x4 
                [!provide]                        PROVIDE (end = .)
                0x20000090                        PROVIDE (_end = .)
                0x20000290                        . = (. + _Min_Heap_Size)
 *fill*         0x20000090      0x200 
                0x20000690                        . = (. + _Min_Stack_Size)
 *fill*         0x20000290      0x400 
                0x20000690                        . = ALIGN (0x8)

/DISCARD/
 libc.a(*)
 libm.a(*)
 libgcc.a(*)

.ARM.attributes
                0x00000000       0x29
 *(.ARM.attributes)
 .ARM.attributes
                0x00000000       0x1d /home/sarthak/.config/Code/User/globalStorage/bmd.stm32-for-vscode/@xpack-dev-tools/arm-none-eabi-gcc/13.2.1-1.1.1/.content/bin/../lib/gcc/arm-none-eabi/13.2.1/thumb/v7-m/nofp/crti.o
 .ARM.attributes
                0x0000001d       0x2d /home/sarthak/.config/Code/User/globalStorage/bmd.stm32-for-vscode/@xpack-dev-tools/arm-none-eabi-gcc/13.2.1-1.1.1/.content/bin/../lib/gcc/arm-none-eabi/13.2.1/thumb/v7-m/nofp/crtbegin.o
 .ARM.attributes
                0x0000004a       0x2d build/debug/Core/Src/gpio.o
 .ARM.attributes
                0x00000077       0x2d build/debug/Core/Src/i2c.o
 .ARM.attributes
                0x000000a4       0x2d build/debug/Core/Src/i2c_slave.o
 .ARM.attributes
                0x000000d1       0x2d build/debug/Core/Src/main.o
 .ARM.attributes
                0x000000fe       0x2d build/debug/Core/Src/stm32f1xx_hal_msp.o
 .ARM.attributes
                0x0000012b       0x2d build/debug/Core/Src/stm32f1xx_it.o
 .ARM.attributes
                0x00000158       0x2d build/debug/Core/Src/system_stm32f1xx.o
 .ARM.attributes
                0x00000185       0x2d build/debug/Drivers/STM32F1xx_HAL_Driver/Src/stm32f1xx_hal.o
 .ARM.attributes
                0x000001b2       0x2d build/debug/Drivers/STM32F1xx_HAL_Driver/Src/stm32f1xx_hal_cortex.o
 .ARM.attributes
                0x000001df       0x2d build/debug/Drivers/STM32F1xx_HAL_Driver/Src/stm32f1xx_hal_dma.o
 .ARM.attributes
                0x0000020c       0x2d build/debug/Drivers/STM32F1xx_HAL_Driver/Src/stm32f1xx_hal_gpio.o
 .ARM.attributes
                0x00000239       0x2d build/debug/Drivers/STM32F1xx_HAL_Driver/Src/stm32f1xx_hal_i2c.o
 .ARM.attributes
                0x00000266       0x2d build/debug/Drivers/STM32F1xx_HAL_Driver/Src/stm32f1xx_hal_rcc.o
 .ARM.attributes
                0x00000293       0x21 build/debug/startup_stm32f103xb.o
 .ARM.attributes
                0x000002b4       0x2d /home/sarthak/.config/Code/User/globalStorage/bmd.stm32-for-vscode/@xpack-dev-tools/arm-none-eabi-gcc/13.2.1-1.1.1/.content/bin/../lib/gcc/arm-none-eabi/13.2.1/../../../../arm-none-eabi/lib/thumb/v7-m/nofp/libc_nano.a(libc_a-memset.o)
 .ARM.attributes
                0x000002e1       0x2d /home/sarthak/.config/Code/User/globalStorage/bmd.stm32-for-vscode/@xpack-dev-tools/arm-none-eabi-gcc/13.2.1-1.1.1/.content/bin/../lib/gcc/arm-none-eabi/13.2.1/../../../../arm-none-eabi/lib/thumb/v7-m/nofp/libc_nano.a(libc_a-init.o)
 .ARM.attributes
                0x0000030e       0x1d /home/sarthak/.config/Code/User/globalStorage/bmd.stm32-for-vscode/@xpack-dev-tools/arm-none-eabi-gcc/13.2.1-1.1.1/.content/bin/../lib/gcc/arm-none-eabi/13.2.1/thumb/v7-m/nofp/crtn.o
OUTPUT(build/stm_slave_test.elf elf32-littlearm)
LOAD linker stubs
LOAD /home/sarthak/.config/Code/User/globalStorage/bmd.stm32-for-vscode/@xpack-dev-tools/arm-none-eabi-gcc/13.2.1-1.1.1/.content/bin/../lib/gcc/arm-none-eabi/13.2.1/../../../../arm-none-eabi/lib/thumb/v7-m/nofp/libc.a
LOAD /home/sarthak/.config/Code/User/globalStorage/bmd.stm32-for-vscode/@xpack-dev-tools/arm-none-eabi-gcc/13.2.1-1.1.1/.content/bin/../lib/gcc/arm-none-eabi/13.2.1/../../../../arm-none-eabi/lib/thumb/v7-m/nofp/libm.a
LOAD /home/sarthak/.config/Code/User/globalStorage/bmd.stm32-for-vscode/@xpack-dev-tools/arm-none-eabi-gcc/13.2.1-1.1.1/.content/bin/../lib/gcc/arm-none-eabi/13.2.1/thumb/v7-m/nofp/libgcc.a

.comment        0x00000000       0x39
 .comment       0x00000000       0x39 /home/sarthak/.config/Code/User/globalStorage/bmd.stm32-for-vscode/@xpack-dev-tools/arm-none-eabi-gcc/13.2.1-1.1.1/.content/bin/../lib/gcc/arm-none-eabi/13.2.1/thumb/v7-m/nofp/crtbegin.o
                                 0x3a (size before relaxing)
 .comment       0x00000039       0x3a build/debug/Core/Src/gpio.o
 .comment       0x00000039       0x3a build/debug/Core/Src/i2c.o
 .comment       0x00000039       0x3a build/debug/Core/Src/i2c_slave.o
 .comment       0x00000039       0x3a build/debug/Core/Src/main.o
 .comment       0x00000039       0x3a build/debug/Core/Src/stm32f1xx_hal_msp.o
 .comment       0x00000039       0x3a build/debug/Core/Src/stm32f1xx_it.o
 .comment       0x00000039       0x3a build/debug/Core/Src/system_stm32f1xx.o
 .comment       0x00000039       0x3a build/debug/Drivers/STM32F1xx_HAL_Driver/Src/stm32f1xx_hal.o
 .comment       0x00000039       0x3a build/debug/Drivers/STM32F1xx_HAL_Driver/Src/stm32f1xx_hal_cortex.o
 .comment       0x00000039       0x3a build/debug/Drivers/STM32F1xx_HAL_Driver/Src/stm32f1xx_hal_dma.o
 .comment       0x00000039       0x3a build/debug/Drivers/STM32F1xx_HAL_Driver/Src/stm32f1xx_hal_gpio.o
 .comment       0x00000039       0x3a build/debug/Drivers/STM32F1xx_HAL_Driver/Src/stm32f1xx_hal_i2c.o
 .comment       0x00000039       0x3a build/debug/Drivers/STM32F1xx_HAL_Driver/Src/stm32f1xx_hal_rcc.o
 .comment       0x00000039       0x3a /home/sarthak/.config/Code/User/globalStorage/bmd.stm32-for-vscode/@xpack-dev-tools/arm-none-eabi-gcc/13.2.1-1.1.1/.content/bin/../lib/gcc/arm-none-eabi/13.2.1/../../../../arm-none-eabi/lib/thumb/v7-m/nofp/libc_nano.a(libc_a-memset.o)
 .comment       0x00000039       0x3a /home/sarthak/.config/Code/User/globalStorage/bmd.stm32-for-vscode/@xpack-dev-tools/arm-none-eabi-gcc/13.2.1-1.1.1/.content/bin/../lib/gcc/arm-none-eabi/13.2.1/../../../../arm-none-eabi/lib/thumb/v7-m/nofp/libc_nano.a(libc_a-init.o)

.debug_info     0x00000000     0x8b6a
 .debug_info    0x00000000      0x180 build/debug/Core/Src/gpio.o
 .debug_info    0x00000180      0xa73 build/debug/Core/Src/i2c.o
 .debug_info    0x00000bf3      0x722 build/debug/Core/Src/i2c_slave.o
 .debug_info    0x00001315      0x844 build/debug/Core/Src/main.o
 .debug_info    0x00001b59      0x1f4 build/debug/Core/Src/stm32f1xx_hal_msp.o
 .debug_info    0x00001d4d      0x67d build/debug/Core/Src/stm32f1xx_it.o
 .debug_info    0x000023ca      0x22d build/debug/Core/Src/system_stm32f1xx.o
 .debug_info    0x000025f7      0x7a2 build/debug/Drivers/STM32F1xx_HAL_Driver/Src/stm32f1xx_hal.o
 .debug_info    0x00002d99      0xcd9 build/debug/Drivers/STM32F1xx_HAL_Driver/Src/stm32f1xx_hal_cortex.o
 .debug_info    0x00003a72      0x7f2 build/debug/Drivers/STM32F1xx_HAL_Driver/Src/stm32f1xx_hal_dma.o
 .debug_info    0x00004264      0x604 build/debug/Drivers/STM32F1xx_HAL_Driver/Src/stm32f1xx_hal_gpio.o
 .debug_info    0x00004868     0x390b build/debug/Drivers/STM32F1xx_HAL_Driver/Src/stm32f1xx_hal_i2c.o
 .debug_info    0x00008173      0x9c7 build/debug/Drivers/STM32F1xx_HAL_Driver/Src/stm32f1xx_hal_rcc.o
 .debug_info    0x00008b3a       0x30 build/debug/startup_stm32f103xb.o

.debug_abbrev   0x00000000     0x19a1
 .debug_abbrev  0x00000000       0xc4 build/debug/Core/Src/gpio.o
 .debug_abbrev  0x000000c4      0x21b build/debug/Core/Src/i2c.o
 .debug_abbrev  0x000002df      0x1c3 build/debug/Core/Src/i2c_slave.o
 .debug_abbrev  0x000004a2      0x200 build/debug/Core/Src/main.o
 .debug_abbrev  0x000006a2       0xed build/debug/Core/Src/stm32f1xx_hal_msp.o
 .debug_abbrev  0x0000078f      0x178 build/debug/Core/Src/stm32f1xx_it.o
 .debug_abbrev  0x00000907      0x143 build/debug/Core/Src/system_stm32f1xx.o
 .debug_abbrev  0x00000a4a      0x22d build/debug/Drivers/STM32F1xx_HAL_Driver/Src/stm32f1xx_hal.o
 .debug_abbrev  0x00000c77      0x36d build/debug/Drivers/STM32F1xx_HAL_Driver/Src/stm32f1xx_hal_cortex.o
 .debug_abbrev  0x00000fe4      0x244 build/debug/Drivers/STM32F1xx_HAL_Driver/Src/stm32f1xx_hal_dma.o
 .debug_abbrev  0x00001228      0x1f7 build/debug/Drivers/STM32F1xx_HAL_Driver/Src/stm32f1xx_hal_gpio.o
 .debug_abbrev  0x0000141f      0x2be build/debug/Drivers/STM32F1xx_HAL_Driver/Src/stm32f1xx_hal_i2c.o
 .debug_abbrev  0x000016dd      0x2a0 build/debug/Drivers/STM32F1xx_HAL_Driver/Src/stm32f1xx_hal_rcc.o
 .debug_abbrev  0x0000197d       0x24 build/debug/startup_stm32f103xb.o

.debug_aranges  0x00000000      0x748
 .debug_aranges
                0x00000000       0x20 build/debug/Core/Src/gpio.o
 .debug_aranges
                0x00000020       0x30 build/debug/Core/Src/i2c.o
 .debug_aranges
                0x00000050       0x38 build/debug/Core/Src/i2c_slave.o
 .debug_aranges
                0x00000088       0x30 build/debug/Core/Src/main.o
 .debug_aranges
                0x000000b8       0x20 build/debug/Core/Src/stm32f1xx_hal_msp.o
 .debug_aranges
                0x000000d8       0x70 build/debug/Core/Src/stm32f1xx_it.o
 .debug_aranges
                0x00000148       0x28 build/debug/Core/Src/system_stm32f1xx.o
 .debug_aranges
                0x00000170       0xe0 build/debug/Drivers/STM32F1xx_HAL_Driver/Src/stm32f1xx_hal.o
 .debug_aranges
                0x00000250       0xc0 build/debug/Drivers/STM32F1xx_HAL_Driver/Src/stm32f1xx_hal_cortex.o
 .debug_aranges
                0x00000310       0x80 build/debug/Drivers/STM32F1xx_HAL_Driver/Src/stm32f1xx_hal_dma.o
 .debug_aranges
                0x00000390       0x58 build/debug/Drivers/STM32F1xx_HAL_Driver/Src/stm32f1xx_hal_gpio.o
 .debug_aranges
                0x000003e8      0x2a8 build/debug/Drivers/STM32F1xx_HAL_Driver/Src/stm32f1xx_hal_i2c.o
 .debug_aranges
                0x00000690       0x90 build/debug/Drivers/STM32F1xx_HAL_Driver/Src/stm32f1xx_hal_rcc.o
 .debug_aranges
                0x00000720       0x28 build/debug/startup_stm32f103xb.o

.debug_rnglists
                0x00000000      0x58a
 .debug_rnglists
                0x00000000       0x13 build/debug/Core/Src/gpio.o
 .debug_rnglists
                0x00000013       0x20 build/debug/Core/Src/i2c.o
 .debug_rnglists
                0x00000033       0x25 build/debug/Core/Src/i2c_slave.o
 .debug_rnglists
                0x00000058       0x1f build/debug/Core/Src/main.o
 .debug_rnglists
                0x00000077       0x13 build/debug/Core/Src/stm32f1xx_hal_msp.o
 .debug_rnglists
                0x0000008a       0x4f build/debug/Core/Src/stm32f1xx_it.o
 .debug_rnglists
                0x000000d9       0x1a build/debug/Core/Src/system_stm32f1xx.o
 .debug_rnglists
                0x000000f3       0xa3 build/debug/Drivers/STM32F1xx_HAL_Driver/Src/stm32f1xx_hal.o
 .debug_rnglists
                0x00000196       0x8b build/debug/Drivers/STM32F1xx_HAL_Driver/Src/stm32f1xx_hal_cortex.o
 .debug_rnglists
                0x00000221       0x5e build/debug/Drivers/STM32F1xx_HAL_Driver/Src/stm32f1xx_hal_dma.o
 .debug_rnglists
                0x0000027f       0x3f build/debug/Drivers/STM32F1xx_HAL_Driver/Src/stm32f1xx_hal_gpio.o
 .debug_rnglists
                0x000002be      0x236 build/debug/Drivers/STM32F1xx_HAL_Driver/Src/stm32f1xx_hal_i2c.o
 .debug_rnglists
                0x000004f4       0x7d build/debug/Drivers/STM32F1xx_HAL_Driver/Src/stm32f1xx_hal_rcc.o
 .debug_rnglists
                0x00000571       0x19 build/debug/startup_stm32f103xb.o

.debug_line     0x00000000     0x966f
 .debug_line    0x00000000      0x1e5 build/debug/Core/Src/gpio.o
 .debug_line    0x000001e5      0x373 build/debug/Core/Src/i2c.o
 .debug_line    0x00000558      0x2b8 build/debug/Core/Src/i2c_slave.o
 .debug_line    0x00000810      0x3b4 build/debug/Core/Src/main.o
 .debug_line    0x00000bc4      0x1f2 build/debug/Core/Src/stm32f1xx_hal_msp.o
 .debug_line    0x00000db6      0x340 build/debug/Core/Src/stm32f1xx_it.o
 .debug_line    0x000010f6      0x2bb build/debug/Core/Src/system_stm32f1xx.o
 .debug_line    0x000013b1      0x5a4 build/debug/Drivers/STM32F1xx_HAL_Driver/Src/stm32f1xx_hal.o
 .debug_line    0x00001955      0x71d build/debug/Drivers/STM32F1xx_HAL_Driver/Src/stm32f1xx_hal_cortex.o
 .debug_line    0x00002072      0xb65 build/debug/Drivers/STM32F1xx_HAL_Driver/Src/stm32f1xx_hal_dma.o
 .debug_line    0x00002bd7      0x646 build/debug/Drivers/STM32F1xx_HAL_Driver/Src/stm32f1xx_hal_gpio.o
 .debug_line    0x0000321d     0x56be build/debug/Drivers/STM32F1xx_HAL_Driver/Src/stm32f1xx_hal_i2c.o
 .debug_line    0x000088db      0xd20 build/debug/Drivers/STM32F1xx_HAL_Driver/Src/stm32f1xx_hal_rcc.o
 .debug_line    0x000095fb       0x74 build/debug/startup_stm32f103xb.o

.debug_str      0x00000000     0x21e3
 .debug_str     0x00000000     0x21e3 build/debug/Core/Src/gpio.o
                                0x1b7 (size before relaxing)
 .debug_str     0x000021e3      0xa33 build/debug/Core/Src/i2c.o
 .debug_str     0x000021e3      0x6f4 build/debug/Core/Src/i2c_slave.o
 .debug_str     0x000021e3      0x7db build/debug/Core/Src/main.o
 .debug_str     0x000021e3      0x1f1 build/debug/Core/Src/stm32f1xx_hal_msp.o
 .debug_str     0x000021e3      0x6dc build/debug/Core/Src/stm32f1xx_it.o
 .debug_str     0x000021e3      0x226 build/debug/Core/Src/system_stm32f1xx.o
 .debug_str     0x000021e3      0x800 build/debug/Drivers/STM32F1xx_HAL_Driver/Src/stm32f1xx_hal.o
 .debug_str     0x000021e3      0x8a5 build/debug/Drivers/STM32F1xx_HAL_Driver/Src/stm32f1xx_hal_cortex.o
 .debug_str     0x000021e3      0x5cf build/debug/Drivers/STM32F1xx_HAL_Driver/Src/stm32f1xx_hal_dma.o
 .debug_str     0x000021e3      0x3d2 build/debug/Drivers/STM32F1xx_HAL_Driver/Src/stm32f1xx_hal_gpio.o
 .debug_str     0x000021e3      0xf97 build/debug/Drivers/STM32F1xx_HAL_Driver/Src/stm32f1xx_hal_i2c.o
 .debug_str     0x000021e3      0x5fd build/debug/Drivers/STM32F1xx_HAL_Driver/Src/stm32f1xx_hal_rcc.o
 .debug_str     0x000021e3       0x59 build/debug/startup_stm32f103xb.o

.debug_frame    0x00000000     0x1314
 .debug_frame   0x00000000       0x28 build/debug/Core/Src/gpio.o
 .debug_frame   0x00000028       0x60 build/debug/Core/Src/i2c.o
 .debug_frame   0x00000088       0x68 build/debug/Core/Src/i2c_slave.o
 .debug_frame   0x000000f0       0x58 build/debug/Core/Src/main.o
 .debug_frame   0x00000148       0x28 build/debug/Core/Src/stm32f1xx_hal_msp.o
 .debug_frame   0x00000170       0xd8 build/debug/Core/Src/stm32f1xx_it.o
 .debug_frame   0x00000248       0x30 build/debug/Core/Src/system_stm32f1xx.o
 .debug_frame   0x00000278      0x1cc build/debug/Drivers/STM32F1xx_HAL_Driver/Src/stm32f1xx_hal.o
 .debug_frame   0x00000444      0x19c build/debug/Drivers/STM32F1xx_HAL_Driver/Src/stm32f1xx_hal_cortex.o
 .debug_frame   0x000005e0      0x144 build/debug/Drivers/STM32F1xx_HAL_Driver/Src/stm32f1xx_hal_dma.o
 .debug_frame   0x00000724       0xe4 build/debug/Drivers/STM32F1xx_HAL_Driver/Src/stm32f1xx_hal_gpio.o
 .debug_frame   0x00000808      0x988 build/debug/Drivers/STM32F1xx_HAL_Driver/Src/stm32f1xx_hal_i2c.o
 .debug_frame   0x00001190      0x184 build/debug/Drivers/STM32F1xx_HAL_Driver/Src/stm32f1xx_hal_rcc.o

.debug_loclists
                0x00000000     0x4691
 .debug_loclists
                0x00000000       0x5e build/debug/Core/Src/i2c.o
 .debug_loclists
                0x0000005e       0xe2 build/debug/Core/Src/i2c_slave.o
 .debug_loclists
                0x00000140       0x17 build/debug/Core/Src/stm32f1xx_hal_msp.o
 .debug_loclists
                0x00000157       0xb7 build/debug/Core/Src/system_stm32f1xx.o
 .debug_loclists
                0x0000020e       0xe1 build/debug/Drivers/STM32F1xx_HAL_Driver/Src/stm32f1xx_hal.o
 .debug_loclists
                0x000002ef      0x530 build/debug/Drivers/STM32F1xx_HAL_Driver/Src/stm32f1xx_hal_cortex.o
 .debug_loclists
                0x0000081f      0x562 build/debug/Drivers/STM32F1xx_HAL_Driver/Src/stm32f1xx_hal_dma.o
 .debug_loclists
                0x00000d81      0x318 build/debug/Drivers/STM32F1xx_HAL_Driver/Src/stm32f1xx_hal_gpio.o
 .debug_loclists
                0x00001099     0x31ca build/debug/Drivers/STM32F1xx_HAL_Driver/Src/stm32f1xx_hal_i2c.o
 .debug_loclists
                0x00004263      0x42e build/debug/Drivers/STM32F1xx_HAL_Driver/Src/stm32f1xx_hal_rcc.o

.debug_line_str
                0x00000000       0x3d
 .debug_line_str
                0x00000000       0x3d build/debug/startup_stm32f103xb.o

Cross Reference Table

Symbol                                            File
ADC1_2_IRQHandler                                 build/debug/startup_stm32f103xb.o
AHBPrescTable                                     build/debug/Core/Src/system_stm32f1xx.o
                                                  build/debug/Drivers/STM32F1xx_HAL_Driver/Src/stm32f1xx_hal_rcc.o
APBPrescTable                                     build/debug/Core/Src/system_stm32f1xx.o
                                                  build/debug/Drivers/STM32F1xx_HAL_Driver/Src/stm32f1xx_hal_rcc.o
BusFault_Handler                                  build/debug/Core/Src/stm32f1xx_it.o
CAN1_RX1_IRQHandler                               build/debug/startup_stm32f103xb.o
CAN1_SCE_IRQHandler                               build/debug/startup_stm32f103xb.o
DMA1_Channel1_IRQHandler                          build/debug/startup_stm32f103xb.o
DMA1_Channel2_IRQHandler                          build/debug/startup_stm32f103xb.o
DMA1_Channel3_IRQHandler                          build/debug/startup_stm32f103xb.o
DMA1_Channel4_IRQHandler                          build/debug/startup_stm32f103xb.o
DMA1_Channel5_IRQHandler                          build/debug/startup_stm32f103xb.o
DMA1_Channel6_IRQHandler                          build/debug/startup_stm32f103xb.o
DMA1_Channel7_IRQHandler                          build/debug/startup_stm32f103xb.o
DebugMon_Handler                                  build/debug/Core/Src/stm32f1xx_it.o
Default_Handler                                   build/debug/startup_stm32f103xb.o
EXTI0_IRQHandler                                  build/debug/startup_stm32f103xb.o
EXTI15_10_IRQHandler                              build/debug/startup_stm32f103xb.o
EXTI1_IRQHandler                                  build/debug/startup_stm32f103xb.o
EXTI2_IRQHandler                                  build/debug/startup_stm32f103xb.o
EXTI3_IRQHandler                                  build/debug/startup_stm32f103xb.o
EXTI4_IRQHandler                                  build/debug/startup_stm32f103xb.o
EXTI9_5_IRQHandler                                build/debug/startup_stm32f103xb.o
Error_Handler                                     build/debug/Core/Src/main.o
                                                  build/debug/Core/Src/i2c_slave.o
                                                  build/debug/Core/Src/i2c.o
FLASH_IRQHandler                                  build/debug/startup_stm32f103xb.o
FLASH_PageErase                                   build/debug/Drivers/STM32F1xx_HAL_Driver/Src/stm32f1xx_hal_flash_ex.o
                                                  build/debug/Drivers/STM32F1xx_HAL_Driver/Src/stm32f1xx_hal_flash.o
FLASH_WaitForLastOperation                        build/debug/Drivers/STM32F1xx_HAL_Driver/Src/stm32f1xx_hal_flash.o
                                                  build/debug/Drivers/STM32F1xx_HAL_Driver/Src/stm32f1xx_hal_flash_ex.o
HAL_DBGMCU_DisableDBGSleepMode                    build/debug/Drivers/STM32F1xx_HAL_Driver/Src/stm32f1xx_hal.o
HAL_DBGMCU_DisableDBGStandbyMode                  build/debug/Drivers/STM32F1xx_HAL_Driver/Src/stm32f1xx_hal.o
HAL_DBGMCU_DisableDBGStopMode                     build/debug/Drivers/STM32F1xx_HAL_Driver/Src/stm32f1xx_hal.o
HAL_DBGMCU_EnableDBGSleepMode                     build/debug/Drivers/STM32F1xx_HAL_Driver/Src/stm32f1xx_hal.o
HAL_DBGMCU_EnableDBGStandbyMode                   build/debug/Drivers/STM32F1xx_HAL_Driver/Src/stm32f1xx_hal.o
HAL_DBGMCU_EnableDBGStopMode                      build/debug/Drivers/STM32F1xx_HAL_Driver/Src/stm32f1xx_hal.o
HAL_DMA_Abort                                     build/debug/Drivers/STM32F1xx_HAL_Driver/Src/stm32f1xx_hal_dma.o
HAL_DMA_Abort_IT                                  build/debug/Drivers/STM32F1xx_HAL_Driver/Src/stm32f1xx_hal_dma.o
                                                  build/debug/Drivers/STM32F1xx_HAL_Driver/Src/stm32f1xx_hal_i2c.o
HAL_DMA_DeInit                                    build/debug/Drivers/STM32F1xx_HAL_Driver/Src/stm32f1xx_hal_dma.o
HAL_DMA_GetError                                  build/debug/Drivers/STM32F1xx_HAL_Driver/Src/stm32f1xx_hal_dma.o
HAL_DMA_GetState                                  build/debug/Drivers/STM32F1xx_HAL_Driver/Src/stm32f1xx_hal_dma.o
                                                  build/debug/Drivers/STM32F1xx_HAL_Driver/Src/stm32f1xx_hal_i2c.o
HAL_DMA_IRQHandler                                build/debug/Drivers/STM32F1xx_HAL_Driver/Src/stm32f1xx_hal_dma.o
HAL_DMA_Init                                      build/debug/Drivers/STM32F1xx_HAL_Driver/Src/stm32f1xx_hal_dma.o
HAL_DMA_PollForTransfer                           build/debug/Drivers/STM32F1xx_HAL_Driver/Src/stm32f1xx_hal_dma.o
HAL_DMA_RegisterCallback                          build/debug/Drivers/STM32F1xx_HAL_Driver/Src/stm32f1xx_hal_dma.o
HAL_DMA_Start                                     build/debug/Drivers/STM32F1xx_HAL_Driver/Src/stm32f1xx_hal_dma.o
HAL_DMA_Start_IT                                  build/debug/Drivers/STM32F1xx_HAL_Driver/Src/stm32f1xx_hal_dma.o
                                                  build/debug/Drivers/STM32F1xx_HAL_Driver/Src/stm32f1xx_hal_i2c.o
HAL_DMA_UnRegisterCallback                        build/debug/Drivers/STM32F1xx_HAL_Driver/Src/stm32f1xx_hal_dma.o
HAL_DeInit                                        build/debug/Drivers/STM32F1xx_HAL_Driver/Src/stm32f1xx_hal.o
HAL_Delay                                         build/debug/Drivers/STM32F1xx_HAL_Driver/Src/stm32f1xx_hal.o
HAL_EXTI_ClearConfigLine                          build/debug/Drivers/STM32F1xx_HAL_Driver/Src/stm32f1xx_hal_exti.o
HAL_EXTI_ClearPending                             build/debug/Drivers/STM32F1xx_HAL_Driver/Src/stm32f1xx_hal_exti.o
HAL_EXTI_GenerateSWI                              build/debug/Drivers/STM32F1xx_HAL_Driver/Src/stm32f1xx_hal_exti.o
HAL_EXTI_GetConfigLine                            build/debug/Drivers/STM32F1xx_HAL_Driver/Src/stm32f1xx_hal_exti.o
HAL_EXTI_GetHandle                                build/debug/Drivers/STM32F1xx_HAL_Driver/Src/stm32f1xx_hal_exti.o
HAL_EXTI_GetPending                               build/debug/Drivers/STM32F1xx_HAL_Driver/Src/stm32f1xx_hal_exti.o
HAL_EXTI_IRQHandler                               build/debug/Drivers/STM32F1xx_HAL_Driver/Src/stm32f1xx_hal_exti.o
HAL_EXTI_RegisterCallback                         build/debug/Drivers/STM32F1xx_HAL_Driver/Src/stm32f1xx_hal_exti.o
HAL_EXTI_SetConfigLine                            build/debug/Drivers/STM32F1xx_HAL_Driver/Src/stm32f1xx_hal_exti.o
HAL_FLASHEx_Erase                                 build/debug/Drivers/STM32F1xx_HAL_Driver/Src/stm32f1xx_hal_flash_ex.o
HAL_FLASHEx_Erase_IT                              build/debug/Drivers/STM32F1xx_HAL_Driver/Src/stm32f1xx_hal_flash_ex.o
HAL_FLASHEx_OBErase                               build/debug/Drivers/STM32F1xx_HAL_Driver/Src/stm32f1xx_hal_flash_ex.o
HAL_FLASHEx_OBGetConfig                           build/debug/Drivers/STM32F1xx_HAL_Driver/Src/stm32f1xx_hal_flash_ex.o
HAL_FLASHEx_OBGetUserData                         build/debug/Drivers/STM32F1xx_HAL_Driver/Src/stm32f1xx_hal_flash_ex.o
HAL_FLASHEx_OBProgram                             build/debug/Drivers/STM32F1xx_HAL_Driver/Src/stm32f1xx_hal_flash_ex.o
HAL_FLASH_EndOfOperationCallback                  build/debug/Drivers/STM32F1xx_HAL_Driver/Src/stm32f1xx_hal_flash.o
HAL_FLASH_GetError                                build/debug/Drivers/STM32F1xx_HAL_Driver/Src/stm32f1xx_hal_flash.o
HAL_FLASH_IRQHandler                              build/debug/Drivers/STM32F1xx_HAL_Driver/Src/stm32f1xx_hal_flash.o
HAL_FLASH_Lock                                    build/debug/Drivers/STM32F1xx_HAL_Driver/Src/stm32f1xx_hal_flash.o
HAL_FLASH_OB_Launch                               build/debug/Drivers/STM32F1xx_HAL_Driver/Src/stm32f1xx_hal_flash.o
HAL_FLASH_OB_Lock                                 build/debug/Drivers/STM32F1xx_HAL_Driver/Src/stm32f1xx_hal_flash.o
HAL_FLASH_OB_Unlock                               build/debug/Drivers/STM32F1xx_HAL_Driver/Src/stm32f1xx_hal_flash.o
HAL_FLASH_OperationErrorCallback                  build/debug/Drivers/STM32F1xx_HAL_Driver/Src/stm32f1xx_hal_flash.o
HAL_FLASH_Program                                 build/debug/Drivers/STM32F1xx_HAL_Driver/Src/stm32f1xx_hal_flash.o
HAL_FLASH_Program_IT                              build/debug/Drivers/STM32F1xx_HAL_Driver/Src/stm32f1xx_hal_flash.o
HAL_FLASH_Unlock                                  build/debug/Drivers/STM32F1xx_HAL_Driver/Src/stm32f1xx_hal_flash.o
HAL_GPIOEx_ConfigEventout                         build/debug/Drivers/STM32F1xx_HAL_Driver/Src/stm32f1xx_hal_gpio_ex.o
HAL_GPIOEx_DisableEventout                        build/debug/Drivers/STM32F1xx_HAL_Driver/Src/stm32f1xx_hal_gpio_ex.o
HAL_GPIOEx_EnableEventout                         build/debug/Drivers/STM32F1xx_HAL_Driver/Src/stm32f1xx_hal_gpio_ex.o
HAL_GPIO_DeInit                                   build/debug/Drivers/STM32F1xx_HAL_Driver/Src/stm32f1xx_hal_gpio.o
                                                  build/debug/Core/Src/i2c.o
HAL_GPIO_EXTI_Callback                            build/debug/Drivers/STM32F1xx_HAL_Driver/Src/stm32f1xx_hal_gpio.o
HAL_GPIO_EXTI_IRQHandler                          build/debug/Drivers/STM32F1xx_HAL_Driver/Src/stm32f1xx_hal_gpio.o
HAL_GPIO_Init                                     build/debug/Drivers/STM32F1xx_HAL_Driver/Src/stm32f1xx_hal_gpio.o
                                                  build/debug/Drivers/STM32F1xx_HAL_Driver/Src/stm32f1xx_hal_rcc.o
                                                  build/debug/Core/Src/i2c.o
HAL_GPIO_LockPin                                  build/debug/Drivers/STM32F1xx_HAL_Driver/Src/stm32f1xx_hal_gpio.o
HAL_GPIO_ReadPin                                  build/debug/Drivers/STM32F1xx_HAL_Driver/Src/stm32f1xx_hal_gpio.o
HAL_GPIO_TogglePin                                build/debug/Drivers/STM32F1xx_HAL_Driver/Src/stm32f1xx_hal_gpio.o
HAL_GPIO_WritePin                                 build/debug/Drivers/STM32F1xx_HAL_Driver/Src/stm32f1xx_hal_gpio.o
HAL_GetDEVID                                      build/debug/Drivers/STM32F1xx_HAL_Driver/Src/stm32f1xx_hal.o
HAL_GetHalVersion                                 build/debug/Drivers/STM32F1xx_HAL_Driver/Src/stm32f1xx_hal.o
HAL_GetREVID                                      build/debug/Drivers/STM32F1xx_HAL_Driver/Src/stm32f1xx_hal.o
HAL_GetTick                                       build/debug/Drivers/STM32F1xx_HAL_Driver/Src/stm32f1xx_hal.o
                                                  build/debug/Drivers/STM32F1xx_HAL_Driver/Src/stm32f1xx_hal_rcc_ex.o
                                                  build/debug/Drivers/STM32F1xx_HAL_Driver/Src/stm32f1xx_hal_rcc.o
                                                  build/debug/Drivers/STM32F1xx_HAL_Driver/Src/stm32f1xx_hal_i2c.o
                                                  build/debug/Drivers/STM32F1xx_HAL_Driver/Src/stm32f1xx_hal_flash.o
                                                  build/debug/Drivers/STM32F1xx_HAL_Driver/Src/stm32f1xx_hal_dma.o
HAL_GetTickFreq                                   build/debug/Drivers/STM32F1xx_HAL_Driver/Src/stm32f1xx_hal.o
HAL_GetTickPrio                                   build/debug/Drivers/STM32F1xx_HAL_Driver/Src/stm32f1xx_hal.o
HAL_GetUIDw0                                      build/debug/Drivers/STM32F1xx_HAL_Driver/Src/stm32f1xx_hal.o
HAL_GetUIDw1                                      build/debug/Drivers/STM32F1xx_HAL_Driver/Src/stm32f1xx_hal.o
HAL_GetUIDw2                                      build/debug/Drivers/STM32F1xx_HAL_Driver/Src/stm32f1xx_hal.o
HAL_I2C_AbortCpltCallback                         build/debug/Drivers/STM32F1xx_HAL_Driver/Src/stm32f1xx_hal_i2c.o
HAL_I2C_AddrCallback                              build/debug/Core/Src/i2c_slave.o
HAL_I2C_DeInit                                    build/debug/Drivers/STM32F1xx_HAL_Driver/Src/stm32f1xx_hal_i2c.o
HAL_I2C_DisableListen_IT                          build/debug/Drivers/STM32F1xx_HAL_Driver/Src/stm32f1xx_hal_i2c.o
HAL_I2C_ER_IRQHandler                             build/debug/Drivers/STM32F1xx_HAL_Driver/Src/stm32f1xx_hal_i2c.o
                                                  build/debug/Core/Src/stm32f1xx_it.o
HAL_I2C_EV_IRQHandler                             build/debug/Drivers/STM32F1xx_HAL_Driver/Src/stm32f1xx_hal_i2c.o
                                                  build/debug/Core/Src/stm32f1xx_it.o
HAL_I2C_EnableListen_IT                           build/debug/Drivers/STM32F1xx_HAL_Driver/Src/stm32f1xx_hal_i2c.o
                                                  build/debug/Core/Src/main.o
                                                  build/debug/Core/Src/i2c_slave.o
HAL_I2C_ErrorCallback                             build/debug/Core/Src/i2c_slave.o
HAL_I2C_GetError                                  build/debug/Drivers/STM32F1xx_HAL_Driver/Src/stm32f1xx_hal_i2c.o
HAL_I2C_GetMode                                   build/debug/Drivers/STM32F1xx_HAL_Driver/Src/stm32f1xx_hal_i2c.o
HAL_I2C_GetState                                  build/debug/Drivers/STM32F1xx_HAL_Driver/Src/stm32f1xx_hal_i2c.o
HAL_I2C_Init                                      build/debug/Drivers/STM32F1xx_HAL_Driver/Src/stm32f1xx_hal_i2c.o
                                                  build/debug/Core/Src/i2c.o
HAL_I2C_IsDeviceReady                             build/debug/Drivers/STM32F1xx_HAL_Driver/Src/stm32f1xx_hal_i2c.o
HAL_I2C_ListenCpltCallback                        build/debug/Core/Src/i2c_slave.o
HAL_I2C_MasterRxCpltCallback                      build/debug/Drivers/STM32F1xx_HAL_Driver/Src/stm32f1xx_hal_i2c.o
HAL_I2C_MasterTxCpltCallback                      build/debug/Drivers/STM32F1xx_HAL_Driver/Src/stm32f1xx_hal_i2c.o
HAL_I2C_Master_Abort_IT                           build/debug/Drivers/STM32F1xx_HAL_Driver/Src/stm32f1xx_hal_i2c.o
HAL_I2C_Master_Receive                            build/debug/Drivers/STM32F1xx_HAL_Driver/Src/stm32f1xx_hal_i2c.o
HAL_I2C_Master_Receive_DMA                        build/debug/Drivers/STM32F1xx_HAL_Driver/Src/stm32f1xx_hal_i2c.o
HAL_I2C_Master_Receive_IT                         build/debug/Drivers/STM32F1xx_HAL_Driver/Src/stm32f1xx_hal_i2c.o
HAL_I2C_Master_Seq_Receive_DMA                    build/debug/Drivers/STM32F1xx_HAL_Driver/Src/stm32f1xx_hal_i2c.o
HAL_I2C_Master_Seq_Receive_IT                     build/debug/Drivers/STM32F1xx_HAL_Driver/Src/stm32f1xx_hal_i2c.o
HAL_I2C_Master_Seq_Transmit_DMA                   build/debug/Drivers/STM32F1xx_HAL_Driver/Src/stm32f1xx_hal_i2c.o
HAL_I2C_Master_Seq_Transmit_IT                    build/debug/Drivers/STM32F1xx_HAL_Driver/Src/stm32f1xx_hal_i2c.o
HAL_I2C_Master_Transmit                           build/debug/Drivers/STM32F1xx_HAL_Driver/Src/stm32f1xx_hal_i2c.o
HAL_I2C_Master_Transmit_DMA                       build/debug/Drivers/STM32F1xx_HAL_Driver/Src/stm32f1xx_hal_i2c.o
HAL_I2C_Master_Transmit_IT                        build/debug/Drivers/STM32F1xx_HAL_Driver/Src/stm32f1xx_hal_i2c.o
HAL_I2C_MemRxCpltCallback                         build/debug/Drivers/STM32F1xx_HAL_Driver/Src/stm32f1xx_hal_i2c.o
HAL_I2C_MemTxCpltCallback                         build/debug/Drivers/STM32F1xx_HAL_Driver/Src/stm32f1xx_hal_i2c.o
HAL_I2C_Mem_Read                                  build/debug/Drivers/STM32F1xx_HAL_Driver/Src/stm32f1xx_hal_i2c.o
HAL_I2C_Mem_Read_DMA                              build/debug/Drivers/STM32F1xx_HAL_Driver/Src/stm32f1xx_hal_i2c.o
HAL_I2C_Mem_Read_IT                               build/debug/Drivers/STM32F1xx_HAL_Driver/Src/stm32f1xx_hal_i2c.o
HAL_I2C_Mem_Write                                 build/debug/Drivers/STM32F1xx_HAL_Driver/Src/stm32f1xx_hal_i2c.o
HAL_I2C_Mem_Write_DMA                             build/debug/Drivers/STM32F1xx_HAL_Driver/Src/stm32f1xx_hal_i2c.o
HAL_I2C_Mem_Write_IT                              build/debug/Drivers/STM32F1xx_HAL_Driver/Src/stm32f1xx_hal_i2c.o
HAL_I2C_MspDeInit                                 build/debug/Core/Src/i2c.o
HAL_I2C_MspInit                                   build/debug/Core/Src/i2c.o
HAL_I2C_SlaveRxCpltCallback                       build/debug/Core/Src/i2c_slave.o
HAL_I2C_SlaveTxCpltCallback                       build/debug/Drivers/STM32F1xx_HAL_Driver/Src/stm32f1xx_hal_i2c.o
HAL_I2C_Slave_Receive                             build/debug/Drivers/STM32F1xx_HAL_Driver/Src/stm32f1xx_hal_i2c.o
HAL_I2C_Slave_Receive_DMA                         build/debug/Drivers/STM32F1xx_HAL_Driver/Src/stm32f1xx_hal_i2c.o
HAL_I2C_Slave_Receive_IT                          build/debug/Drivers/STM32F1xx_HAL_Driver/Src/stm32f1xx_hal_i2c.o
HAL_I2C_Slave_Seq_Receive_DMA                     build/debug/Drivers/STM32F1xx_HAL_Driver/Src/stm32f1xx_hal_i2c.o
HAL_I2C_Slave_Seq_Receive_IT                      build/debug/Drivers/STM32F1xx_HAL_Driver/Src/stm32f1xx_hal_i2c.o
                                                  build/debug/Core/Src/i2c_slave.o
HAL_I2C_Slave_Seq_Transmit_DMA                    build/debug/Drivers/STM32F1xx_HAL_Driver/Src/stm32f1xx_hal_i2c.o
HAL_I2C_Slave_Seq_Transmit_IT                     build/debug/Drivers/STM32F1xx_HAL_Driver/Src/stm32f1xx_hal_i2c.o
HAL_I2C_Slave_Transmit                            build/debug/Drivers/STM32F1xx_HAL_Driver/Src/stm32f1xx_hal_i2c.o
HAL_I2C_Slave_Transmit_DMA                        build/debug/Drivers/STM32F1xx_HAL_Driver/Src/stm32f1xx_hal_i2c.o
HAL_I2C_Slave_Transmit_IT                         build/debug/Drivers/STM32F1xx_HAL_Driver/Src/stm32f1xx_hal_i2c.o
HAL_IncTick                                       build/debug/Drivers/STM32F1xx_HAL_Driver/Src/stm32f1xx_hal.o
                                                  build/debug/Core/Src/stm32f1xx_it.o
HAL_Init                                          build/debug/Drivers/STM32F1xx_HAL_Driver/Src/stm32f1xx_hal.o
                                                  build/debug/Core/Src/main.o
HAL_InitTick                                      build/debug/Drivers/STM32F1xx_HAL_Driver/Src/stm32f1xx_hal.o
                                                  build/debug/Drivers/STM32F1xx_HAL_Driver/Src/stm32f1xx_hal_rcc.o
HAL_MspDeInit                                     build/debug/Drivers/STM32F1xx_HAL_Driver/Src/stm32f1xx_hal.o
HAL_MspInit                                       build/debug/Core/Src/stm32f1xx_hal_msp.o
HAL_NVIC_ClearPendingIRQ                          build/debug/Drivers/STM32F1xx_HAL_Driver/Src/stm32f1xx_hal_cortex.o
HAL_NVIC_DisableIRQ                               build/debug/Drivers/STM32F1xx_HAL_Driver/Src/stm32f1xx_hal_cortex.o
                                                  build/debug/Core/Src/i2c.o
HAL_NVIC_EnableIRQ                                build/debug/Drivers/STM32F1xx_HAL_Driver/Src/stm32f1xx_hal_cortex.o
                                                  build/debug/Core/Src/i2c.o
HAL_NVIC_GetActive                                build/debug/Drivers/STM32F1xx_HAL_Driver/Src/stm32f1xx_hal_cortex.o
HAL_NVIC_GetPendingIRQ                            build/debug/Drivers/STM32F1xx_HAL_Driver/Src/stm32f1xx_hal_cortex.o
HAL_NVIC_GetPriority                              build/debug/Drivers/STM32F1xx_HAL_Driver/Src/stm32f1xx_hal_cortex.o
HAL_NVIC_GetPriorityGrouping                      build/debug/Drivers/STM32F1xx_HAL_Driver/Src/stm32f1xx_hal_cortex.o
HAL_NVIC_SetPendingIRQ                            build/debug/Drivers/STM32F1xx_HAL_Driver/Src/stm32f1xx_hal_cortex.o
HAL_NVIC_SetPriority                              build/debug/Drivers/STM32F1xx_HAL_Driver/Src/stm32f1xx_hal_cortex.o
                                                  build/debug/Drivers/STM32F1xx_HAL_Driver/Src/stm32f1xx_hal.o
                                                  build/debug/Core/Src/i2c.o
HAL_NVIC_SetPriorityGrouping                      build/debug/Drivers/STM32F1xx_HAL_Driver/Src/stm32f1xx_hal_cortex.o
                                                  build/debug/Drivers/STM32F1xx_HAL_Driver/Src/stm32f1xx_hal.o
HAL_NVIC_SystemReset                              build/debug/Drivers/STM32F1xx_HAL_Driver/Src/stm32f1xx_hal_cortex.o
                                                  build/debug/Drivers/STM32F1xx_HAL_Driver/Src/stm32f1xx_hal_flash.o
HAL_PWR_ConfigPVD                                 build/debug/Drivers/STM32F1xx_HAL_Driver/Src/stm32f1xx_hal_pwr.o
HAL_PWR_DeInit                                    build/debug/Drivers/STM32F1xx_HAL_Driver/Src/stm32f1xx_hal_pwr.o
HAL_PWR_DisableBkUpAccess                         build/debug/Drivers/STM32F1xx_HAL_Driver/Src/stm32f1xx_hal_pwr.o
HAL_PWR_DisablePVD                                build/debug/Drivers/STM32F1xx_HAL_Driver/Src/stm32f1xx_hal_pwr.o
HAL_PWR_DisableSEVOnPend                          build/debug/Drivers/STM32F1xx_HAL_Driver/Src/stm32f1xx_hal_pwr.o
HAL_PWR_DisableSleepOnExit                        build/debug/Drivers/STM32F1xx_HAL_Driver/Src/stm32f1xx_hal_pwr.o
HAL_PWR_DisableWakeUpPin                          build/debug/Drivers/STM32F1xx_HAL_Driver/Src/stm32f1xx_hal_pwr.o
HAL_PWR_EnableBkUpAccess                          build/debug/Drivers/STM32F1xx_HAL_Driver/Src/stm32f1xx_hal_pwr.o
HAL_PWR_EnablePVD                                 build/debug/Drivers/STM32F1xx_HAL_Driver/Src/stm32f1xx_hal_pwr.o
HAL_PWR_EnableSEVOnPend                           build/debug/Drivers/STM32F1xx_HAL_Driver/Src/stm32f1xx_hal_pwr.o
HAL_PWR_EnableSleepOnExit                         build/debug/Drivers/STM32F1xx_HAL_Driver/Src/stm32f1xx_hal_pwr.o
HAL_PWR_EnableWakeUpPin                           build/debug/Drivers/STM32F1xx_HAL_Driver/Src/stm32f1xx_hal_pwr.o
HAL_PWR_EnterSLEEPMode                            build/debug/Drivers/STM32F1xx_HAL_Driver/Src/stm32f1xx_hal_pwr.o
HAL_PWR_EnterSTANDBYMode                          build/debug/Drivers/STM32F1xx_HAL_Driver/Src/stm32f1xx_hal_pwr.o
HAL_PWR_EnterSTOPMode                             build/debug/Drivers/STM32F1xx_HAL_Driver/Src/stm32f1xx_hal_pwr.o
HAL_PWR_PVDCallback                               build/debug/Drivers/STM32F1xx_HAL_Driver/Src/stm32f1xx_hal_pwr.o
HAL_PWR_PVD_IRQHandler                            build/debug/Drivers/STM32F1xx_HAL_Driver/Src/stm32f1xx_hal_pwr.o
HAL_RCCEx_GetPeriphCLKConfig                      build/debug/Drivers/STM32F1xx_HAL_Driver/Src/stm32f1xx_hal_rcc_ex.o
HAL_RCCEx_GetPeriphCLKFreq                        build/debug/Drivers/STM32F1xx_HAL_Driver/Src/stm32f1xx_hal_rcc_ex.o
HAL_RCCEx_PeriphCLKConfig                         build/debug/Drivers/STM32F1xx_HAL_Driver/Src/stm32f1xx_hal_rcc_ex.o
HAL_RCC_CSSCallback                               build/debug/Drivers/STM32F1xx_HAL_Driver/Src/stm32f1xx_hal_rcc.o
HAL_RCC_ClockConfig                               build/debug/Drivers/STM32F1xx_HAL_Driver/Src/stm32f1xx_hal_rcc.o
                                                  build/debug/Core/Src/main.o
HAL_RCC_DeInit                                    build/debug/Drivers/STM32F1xx_HAL_Driver/Src/stm32f1xx_hal_rcc.o
HAL_RCC_DisableCSS                                build/debug/Drivers/STM32F1xx_HAL_Driver/Src/stm32f1xx_hal_rcc.o
HAL_RCC_EnableCSS                                 build/debug/Drivers/STM32F1xx_HAL_Driver/Src/stm32f1xx_hal_rcc.o
HAL_RCC_GetClockConfig                            build/debug/Drivers/STM32F1xx_HAL_Driver/Src/stm32f1xx_hal_rcc.o
HAL_RCC_GetHCLKFreq                               build/debug/Drivers/STM32F1xx_HAL_Driver/Src/stm32f1xx_hal_rcc.o
HAL_RCC_GetOscConfig                              build/debug/Drivers/STM32F1xx_HAL_Driver/Src/stm32f1xx_hal_rcc.o
HAL_RCC_GetPCLK1Freq                              build/debug/Drivers/STM32F1xx_HAL_Driver/Src/stm32f1xx_hal_rcc.o
                                                  build/debug/Drivers/STM32F1xx_HAL_Driver/Src/stm32f1xx_hal_i2c.o
HAL_RCC_GetPCLK2Freq                              build/debug/Drivers/STM32F1xx_HAL_Driver/Src/stm32f1xx_hal_rcc.o
                                                  build/debug/Drivers/STM32F1xx_HAL_Driver/Src/stm32f1xx_hal_rcc_ex.o
HAL_RCC_GetSysClockFreq                           build/debug/Drivers/STM32F1xx_HAL_Driver/Src/stm32f1xx_hal_rcc.o
HAL_RCC_MCOConfig                                 build/debug/Drivers/STM32F1xx_HAL_Driver/Src/stm32f1xx_hal_rcc.o
HAL_RCC_NMI_IRQHandler                            build/debug/Drivers/STM32F1xx_HAL_Driver/Src/stm32f1xx_hal_rcc.o
HAL_RCC_OscConfig                                 build/debug/Drivers/STM32F1xx_HAL_Driver/Src/stm32f1xx_hal_rcc.o
                                                  build/debug/Core/Src/main.o
HAL_ResumeTick                                    build/debug/Drivers/STM32F1xx_HAL_Driver/Src/stm32f1xx_hal.o
HAL_SYSTICK_CLKSourceConfig                       build/debug/Drivers/STM32F1xx_HAL_Driver/Src/stm32f1xx_hal_cortex.o
HAL_SYSTICK_Callback                              build/debug/Drivers/STM32F1xx_HAL_Driver/Src/stm32f1xx_hal_cortex.o
HAL_SYSTICK_Config                                build/debug/Drivers/STM32F1xx_HAL_Driver/Src/stm32f1xx_hal_cortex.o
                                                  build/debug/Drivers/STM32F1xx_HAL_Driver/Src/stm32f1xx_hal.o
HAL_SYSTICK_IRQHandler                            build/debug/Drivers/STM32F1xx_HAL_Driver/Src/stm32f1xx_hal_cortex.o
HAL_SetTickFreq                                   build/debug/Drivers/STM32F1xx_HAL_Driver/Src/stm32f1xx_hal.o
HAL_SuspendTick                                   build/debug/Drivers/STM32F1xx_HAL_Driver/Src/stm32f1xx_hal.o
HardFault_Handler                                 build/debug/Core/Src/stm32f1xx_it.o
I2C1_ER_IRQHandler                                build/debug/Core/Src/stm32f1xx_it.o
I2C1_EV_IRQHandler                                build/debug/Core/Src/stm32f1xx_it.o
I2C2_ER_IRQHandler                                build/debug/startup_stm32f103xb.o
I2C2_EV_IRQHandler                                build/debug/startup_stm32f103xb.o
MX_GPIO_Init                                      build/debug/Core/Src/gpio.o
                                                  build/debug/Core/Src/main.o
MX_I2C1_Init                                      build/debug/Core/Src/i2c.o
                                                  build/debug/Core/Src/main.o
MemManage_Handler                                 build/debug/Core/Src/stm32f1xx_it.o
NMI_Handler                                       build/debug/Core/Src/stm32f1xx_it.o
PVD_IRQHandler                                    build/debug/startup_stm32f103xb.o
PendSV_Handler                                    build/debug/Core/Src/stm32f1xx_it.o
RCC_IRQHandler                                    build/debug/startup_stm32f103xb.o
RTC_Alarm_IRQHandler                              build/debug/startup_stm32f103xb.o
RTC_IRQHandler                                    build/debug/startup_stm32f103xb.o
Reset_Handler                                     build/debug/startup_stm32f103xb.o
RxData                                            build/debug/Core/Src/i2c_slave.o
SPI1_IRQHandler                                   build/debug/startup_stm32f103xb.o
SPI2_IRQHandler                                   build/debug/startup_stm32f103xb.o
SVC_Handler                                       build/debug/Core/Src/stm32f1xx_it.o
SysTick_Handler                                   build/debug/Core/Src/stm32f1xx_it.o
SystemClock_Config                                build/debug/Core/Src/main.o
SystemCoreClock                                   build/debug/Core/Src/system_stm32f1xx.o
                                                  build/debug/Drivers/STM32F1xx_HAL_Driver/Src/stm32f1xx_hal_rcc.o
                                                  build/debug/Drivers/STM32F1xx_HAL_Driver/Src/stm32f1xx_hal_i2c.o
                                                  build/debug/Drivers/STM32F1xx_HAL_Driver/Src/stm32f1xx_hal.o
SystemCoreClockUpdate                             build/debug/Core/Src/system_stm32f1xx.o
SystemInit                                        build/debug/Core/Src/system_stm32f1xx.o
                                                  build/debug/startup_stm32f103xb.o
TAMPER_IRQHandler                                 build/debug/startup_stm32f103xb.o
TIM1_BRK_IRQHandler                               build/debug/startup_stm32f103xb.o
TIM1_CC_IRQHandler                                build/debug/startup_stm32f103xb.o
TIM1_TRG_COM_IRQHandler                           build/debug/startup_stm32f103xb.o
TIM1_UP_IRQHandler                                build/debug/startup_stm32f103xb.o
TIM2_IRQHandler                                   build/debug/startup_stm32f103xb.o
TIM3_IRQHandler                                   build/debug/startup_stm32f103xb.o
TIM4_IRQHandler                                   build/debug/startup_stm32f103xb.o
USART1_IRQHandler                                 build/debug/startup_stm32f103xb.o
USART2_IRQHandler                                 build/debug/startup_stm32f103xb.o
USART3_IRQHandler                                 build/debug/startup_stm32f103xb.o
USBWakeUp_IRQHandler                              build/debug/startup_stm32f103xb.o
USB_HP_CAN1_TX_IRQHandler                         build/debug/startup_stm32f103xb.o
USB_LP_CAN1_RX0_IRQHandler                        build/debug/startup_stm32f103xb.o
UsageFault_Handler                                build/debug/Core/Src/stm32f1xx_it.o
WWDG_IRQHandler                                   build/debug/startup_stm32f103xb.o
_Min_Stack_Size                                   build/debug/Core/Src/sysmem.o
__atexit                                          /home/sarthak/.config/Code/User/globalStorage/bmd.stm32-for-vscode/@xpack-dev-tools/arm-none-eabi-gcc/13.2.1-1.1.1/.content/bin/../lib/gcc/arm-none-eabi/13.2.1/../../../../arm-none-eabi/lib/thumb/v7-m/nofp/libc_nano.a(libc_a-__call_atexit.o)
                                                  /home/sarthak/.config/Code/User/globalStorage/bmd.stm32-for-vscode/@xpack-dev-tools/arm-none-eabi-gcc/13.2.1-1.1.1/.content/bin/../lib/gcc/arm-none-eabi/13.2.1/../../../../arm-none-eabi/lib/thumb/v7-m/nofp/libc_nano.a(libc_a-__atexit.o)
__atexit0                                         /home/sarthak/.config/Code/User/globalStorage/bmd.stm32-for-vscode/@xpack-dev-tools/arm-none-eabi-gcc/13.2.1-1.1.1/.content/bin/../lib/gcc/arm-none-eabi/13.2.1/../../../../arm-none-eabi/lib/thumb/v7-m/nofp/libc_nano.a(libc_a-__atexit.o)
__atexit_dummy                                    /home/sarthak/.config/Code/User/globalStorage/bmd.stm32-for-vscode/@xpack-dev-tools/arm-none-eabi-gcc/13.2.1-1.1.1/.content/bin/../lib/gcc/arm-none-eabi/13.2.1/../../../../arm-none-eabi/lib/thumb/v7-m/nofp/libc_nano.a(libc_a-__atexit.o)
__atexit_recursive_mutex                          /home/sarthak/.config/Code/User/globalStorage/bmd.stm32-for-vscode/@xpack-dev-tools/arm-none-eabi-gcc/13.2.1-1.1.1/.content/bin/../lib/gcc/arm-none-eabi/13.2.1/../../../../arm-none-eabi/lib/thumb/v7-m/nofp/libc_nano.a(libc_a-__call_atexit.o)
                                                  /home/sarthak/.config/Code/User/globalStorage/bmd.stm32-for-vscode/@xpack-dev-tools/arm-none-eabi-gcc/13.2.1-1.1.1/.content/bin/../lib/gcc/arm-none-eabi/13.2.1/../../../../arm-none-eabi/lib/thumb/v7-m/nofp/libc_nano.a(libc_a-__atexit.o)
__bss_end__                                       /home/sarthak/.config/Code/User/globalStorage/bmd.stm32-for-vscode/@xpack-dev-tools/arm-none-eabi-gcc/13.2.1-1.1.1/.content/bin/../lib/gcc/arm-none-eabi/13.2.1/../../../../arm-none-eabi/lib/thumb/v7-m/nofp/crt0.o
__bss_start__                                     /home/sarthak/.config/Code/User/globalStorage/bmd.stm32-for-vscode/@xpack-dev-tools/arm-none-eabi-gcc/13.2.1-1.1.1/.content/bin/../lib/gcc/arm-none-eabi/13.2.1/../../../../arm-none-eabi/lib/thumb/v7-m/nofp/crt0.o
__call_exitprocs                                  /home/sarthak/.config/Code/User/globalStorage/bmd.stm32-for-vscode/@xpack-dev-tools/arm-none-eabi-gcc/13.2.1-1.1.1/.content/bin/../lib/gcc/arm-none-eabi/13.2.1/../../../../arm-none-eabi/lib/thumb/v7-m/nofp/libc_nano.a(libc_a-__call_atexit.o)
                                                  /home/sarthak/.config/Code/User/globalStorage/bmd.stm32-for-vscode/@xpack-dev-tools/arm-none-eabi-gcc/13.2.1-1.1.1/.content/bin/../lib/gcc/arm-none-eabi/13.2.1/../../../../arm-none-eabi/lib/thumb/v7-m/nofp/libc_nano.a(libc_a-__atexit.o)
                                                  /home/sarthak/.config/Code/User/globalStorage/bmd.stm32-for-vscode/@xpack-dev-tools/arm-none-eabi-gcc/13.2.1-1.1.1/.content/bin/../lib/gcc/arm-none-eabi/13.2.1/../../../../arm-none-eabi/lib/thumb/v7-m/nofp/libc_nano.a(libc_a-exit.o)
__deregister_frame_info                           /home/sarthak/.config/Code/User/globalStorage/bmd.stm32-for-vscode/@xpack-dev-tools/arm-none-eabi-gcc/13.2.1-1.1.1/.content/bin/../lib/gcc/arm-none-eabi/13.2.1/thumb/v7-m/nofp/crtbegin.o
__dso_handle                                      /home/sarthak/.config/Code/User/globalStorage/bmd.stm32-for-vscode/@xpack-dev-tools/arm-none-eabi-gcc/13.2.1-1.1.1/.content/bin/../lib/gcc/arm-none-eabi/13.2.1/thumb/v7-m/nofp/crtbegin.o
__env                                             build/debug/Core/Src/syscalls.o
__errno                                           /home/sarthak/.config/Code/User/globalStorage/bmd.stm32-for-vscode/@xpack-dev-tools/arm-none-eabi-gcc/13.2.1-1.1.1/.content/bin/../lib/gcc/arm-none-eabi/13.2.1/../../../../arm-none-eabi/lib/thumb/v7-m/nofp/libc_nano.a(libc_a-errno.o)
                                                  build/debug/Core/Src/sysmem.o
                                                  build/debug/Core/Src/syscalls.o
__fini_array_end                                  /home/sarthak/.config/Code/User/globalStorage/bmd.stm32-for-vscode/@xpack-dev-tools/arm-none-eabi-gcc/13.2.1-1.1.1/.content/bin/../lib/gcc/arm-none-eabi/13.2.1/../../../../arm-none-eabi/lib/thumb/v7-m/nofp/libc_nano.a(libc_a-fini.o)
__fini_array_start                                /home/sarthak/.config/Code/User/globalStorage/bmd.stm32-for-vscode/@xpack-dev-tools/arm-none-eabi-gcc/13.2.1-1.1.1/.content/bin/../lib/gcc/arm-none-eabi/13.2.1/../../../../arm-none-eabi/lib/thumb/v7-m/nofp/libc_nano.a(libc_a-fini.o)
__fp_lock_all                                     /home/sarthak/.config/Code/User/globalStorage/bmd.stm32-for-vscode/@xpack-dev-tools/arm-none-eabi-gcc/13.2.1-1.1.1/.content/bin/../lib/gcc/arm-none-eabi/13.2.1/../../../../arm-none-eabi/lib/thumb/v7-m/nofp/libc_nano.a(libc_a-findfp.o)
__fp_unlock_all                                   /home/sarthak/.config/Code/User/globalStorage/bmd.stm32-for-vscode/@xpack-dev-tools/arm-none-eabi-gcc/13.2.1-1.1.1/.content/bin/../lib/gcc/arm-none-eabi/13.2.1/../../../../arm-none-eabi/lib/thumb/v7-m/nofp/libc_nano.a(libc_a-findfp.o)
__init_array_end                                  /home/sarthak/.config/Code/User/globalStorage/bmd.stm32-for-vscode/@xpack-dev-tools/arm-none-eabi-gcc/13.2.1-1.1.1/.content/bin/../lib/gcc/arm-none-eabi/13.2.1/../../../../arm-none-eabi/lib/thumb/v7-m/nofp/libc_nano.a(libc_a-init.o)
__init_array_start                                /home/sarthak/.config/Code/User/globalStorage/bmd.stm32-for-vscode/@xpack-dev-tools/arm-none-eabi-gcc/13.2.1-1.1.1/.content/bin/../lib/gcc/arm-none-eabi/13.2.1/../../../../arm-none-eabi/lib/thumb/v7-m/nofp/libc_nano.a(libc_a-init.o)
__io_getchar                                      build/debug/Core/Src/syscalls.o
__io_putchar                                      build/debug/Core/Src/syscalls.o
__libc_fini_array                                 /home/sarthak/.config/Code/User/globalStorage/bmd.stm32-for-vscode/@xpack-dev-tools/arm-none-eabi-gcc/13.2.1-1.1.1/.content/bin/../lib/gcc/arm-none-eabi/13.2.1/../../../../arm-none-eabi/lib/thumb/v7-m/nofp/libc_nano.a(libc_a-fini.o)
                                                  /home/sarthak/.config/Code/User/globalStorage/bmd.stm32-for-vscode/@xpack-dev-tools/arm-none-eabi-gcc/13.2.1-1.1.1/.content/bin/../lib/gcc/arm-none-eabi/13.2.1/../../../../arm-none-eabi/lib/thumb/v7-m/nofp/crt0.o
__libc_init_array                                 /home/sarthak/.config/Code/User/globalStorage/bmd.stm32-for-vscode/@xpack-dev-tools/arm-none-eabi-gcc/13.2.1-1.1.1/.content/bin/../lib/gcc/arm-none-eabi/13.2.1/../../../../arm-none-eabi/lib/thumb/v7-m/nofp/libc_nano.a(libc_a-init.o)
                                                  build/debug/startup_stm32f103xb.o
                                                  /home/sarthak/.config/Code/User/globalStorage/bmd.stm32-for-vscode/@xpack-dev-tools/arm-none-eabi-gcc/13.2.1-1.1.1/.content/bin/../lib/gcc/arm-none-eabi/13.2.1/../../../../arm-none-eabi/lib/thumb/v7-m/nofp/crt0.o
__lock___arc4random_mutex                         /home/sarthak/.config/Code/User/globalStorage/bmd.stm32-for-vscode/@xpack-dev-tools/arm-none-eabi-gcc/13.2.1-1.1.1/.content/bin/../lib/gcc/arm-none-eabi/13.2.1/../../../../arm-none-eabi/lib/thumb/v7-m/nofp/libc_nano.a(libc_a-lock.o)
__lock___at_quick_exit_mutex                      /home/sarthak/.config/Code/User/globalStorage/bmd.stm32-for-vscode/@xpack-dev-tools/arm-none-eabi-gcc/13.2.1-1.1.1/.content/bin/../lib/gcc/arm-none-eabi/13.2.1/../../../../arm-none-eabi/lib/thumb/v7-m/nofp/libc_nano.a(libc_a-lock.o)
__lock___atexit_recursive_mutex                   /home/sarthak/.config/Code/User/globalStorage/bmd.stm32-for-vscode/@xpack-dev-tools/arm-none-eabi-gcc/13.2.1-1.1.1/.content/bin/../lib/gcc/arm-none-eabi/13.2.1/../../../../arm-none-eabi/lib/thumb/v7-m/nofp/libc_nano.a(libc_a-lock.o)
                                                  /home/sarthak/.config/Code/User/globalStorage/bmd.stm32-for-vscode/@xpack-dev-tools/arm-none-eabi-gcc/13.2.1-1.1.1/.content/bin/../lib/gcc/arm-none-eabi/13.2.1/../../../../arm-none-eabi/lib/thumb/v7-m/nofp/libc_nano.a(libc_a-__call_atexit.o)
__lock___dd_hash_mutex                            /home/sarthak/.config/Code/User/globalStorage/bmd.stm32-for-vscode/@xpack-dev-tools/arm-none-eabi-gcc/13.2.1-1.1.1/.content/bin/../lib/gcc/arm-none-eabi/13.2.1/../../../../arm-none-eabi/lib/thumb/v7-m/nofp/libc_nano.a(libc_a-lock.o)
__lock___env_recursive_mutex                      /home/sarthak/.config/Code/User/globalStorage/bmd.stm32-for-vscode/@xpack-dev-tools/arm-none-eabi-gcc/13.2.1-1.1.1/.content/bin/../lib/gcc/arm-none-eabi/13.2.1/../../../../arm-none-eabi/lib/thumb/v7-m/nofp/libc_nano.a(libc_a-lock.o)
__lock___malloc_recursive_mutex                   /home/sarthak/.config/Code/User/globalStorage/bmd.stm32-for-vscode/@xpack-dev-tools/arm-none-eabi-gcc/13.2.1-1.1.1/.content/bin/../lib/gcc/arm-none-eabi/13.2.1/../../../../arm-none-eabi/lib/thumb/v7-m/nofp/libc_nano.a(libc_a-lock.o)
                                                  /home/sarthak/.config/Code/User/globalStorage/bmd.stm32-for-vscode/@xpack-dev-tools/arm-none-eabi-gcc/13.2.1-1.1.1/.content/bin/../lib/gcc/arm-none-eabi/13.2.1/../../../../arm-none-eabi/lib/thumb/v7-m/nofp/libc_nano.a(libc_a-mlock.o)
__lock___sfp_recursive_mutex                      /home/sarthak/.config/Code/User/globalStorage/bmd.stm32-for-vscode/@xpack-dev-tools/arm-none-eabi-gcc/13.2.1-1.1.1/.content/bin/../lib/gcc/arm-none-eabi/13.2.1/../../../../arm-none-eabi/lib/thumb/v7-m/nofp/libc_nano.a(libc_a-lock.o)
                                                  /home/sarthak/.config/Code/User/globalStorage/bmd.stm32-for-vscode/@xpack-dev-tools/arm-none-eabi-gcc/13.2.1-1.1.1/.content/bin/../lib/gcc/arm-none-eabi/13.2.1/../../../../arm-none-eabi/lib/thumb/v7-m/nofp/libc_nano.a(libc_a-findfp.o)
__lock___tz_mutex                                 /home/sarthak/.config/Code/User/globalStorage/bmd.stm32-for-vscode/@xpack-dev-tools/arm-none-eabi-gcc/13.2.1-1.1.1/.content/bin/../lib/gcc/arm-none-eabi/13.2.1/../../../../arm-none-eabi/lib/thumb/v7-m/nofp/libc_nano.a(libc_a-lock.o)
__malloc_free_list                                /home/sarthak/.config/Code/User/globalStorage/bmd.stm32-for-vscode/@xpack-dev-tools/arm-none-eabi-gcc/13.2.1-1.1.1/.content/bin/../lib/gcc/arm-none-eabi/13.2.1/../../../../arm-none-eabi/lib/thumb/v7-m/nofp/libc_nano.a(libc_a-mallocr.o)
                                                  /home/sarthak/.config/Code/User/globalStorage/bmd.stm32-for-vscode/@xpack-dev-tools/arm-none-eabi-gcc/13.2.1-1.1.1/.content/bin/../lib/gcc/arm-none-eabi/13.2.1/../../../../arm-none-eabi/lib/thumb/v7-m/nofp/libc_nano.a(libc_a-freer.o)
__malloc_lock                                     /home/sarthak/.config/Code/User/globalStorage/bmd.stm32-for-vscode/@xpack-dev-tools/arm-none-eabi-gcc/13.2.1-1.1.1/.content/bin/../lib/gcc/arm-none-eabi/13.2.1/../../../../arm-none-eabi/lib/thumb/v7-m/nofp/libc_nano.a(libc_a-mlock.o)
                                                  /home/sarthak/.config/Code/User/globalStorage/bmd.stm32-for-vscode/@xpack-dev-tools/arm-none-eabi-gcc/13.2.1-1.1.1/.content/bin/../lib/gcc/arm-none-eabi/13.2.1/../../../../arm-none-eabi/lib/thumb/v7-m/nofp/libc_nano.a(libc_a-mallocr.o)
                                                  /home/sarthak/.config/Code/User/globalStorage/bmd.stm32-for-vscode/@xpack-dev-tools/arm-none-eabi-gcc/13.2.1-1.1.1/.content/bin/../lib/gcc/arm-none-eabi/13.2.1/../../../../arm-none-eabi/lib/thumb/v7-m/nofp/libc_nano.a(libc_a-freer.o)
__malloc_sbrk_start                               /home/sarthak/.config/Code/User/globalStorage/bmd.stm32-for-vscode/@xpack-dev-tools/arm-none-eabi-gcc/13.2.1-1.1.1/.content/bin/../lib/gcc/arm-none-eabi/13.2.1/../../../../arm-none-eabi/lib/thumb/v7-m/nofp/libc_nano.a(libc_a-mallocr.o)
__malloc_unlock                                   /home/sarthak/.config/Code/User/globalStorage/bmd.stm32-for-vscode/@xpack-dev-tools/arm-none-eabi-gcc/13.2.1-1.1.1/.content/bin/../lib/gcc/arm-none-eabi/13.2.1/../../../../arm-none-eabi/lib/thumb/v7-m/nofp/libc_nano.a(libc_a-mlock.o)
                                                  /home/sarthak/.config/Code/User/globalStorage/bmd.stm32-for-vscode/@xpack-dev-tools/arm-none-eabi-gcc/13.2.1-1.1.1/.content/bin/../lib/gcc/arm-none-eabi/13.2.1/../../../../arm-none-eabi/lib/thumb/v7-m/nofp/libc_nano.a(libc_a-mallocr.o)
                                                  /home/sarthak/.config/Code/User/globalStorage/bmd.stm32-for-vscode/@xpack-dev-tools/arm-none-eabi-gcc/13.2.1-1.1.1/.content/bin/../lib/gcc/arm-none-eabi/13.2.1/../../../../arm-none-eabi/lib/thumb/v7-m/nofp/libc_nano.a(libc_a-freer.o)
__on_exit_args                                    /home/sarthak/.config/Code/User/globalStorage/bmd.stm32-for-vscode/@xpack-dev-tools/arm-none-eabi-gcc/13.2.1-1.1.1/.content/bin/../lib/gcc/arm-none-eabi/13.2.1/../../../../arm-none-eabi/lib/thumb/v7-m/nofp/libc_nano.a(libc_a-__atexit.o)
__preinit_array_end                               /home/sarthak/.config/Code/User/globalStorage/bmd.stm32-for-vscode/@xpack-dev-tools/arm-none-eabi-gcc/13.2.1-1.1.1/.content/bin/../lib/gcc/arm-none-eabi/13.2.1/../../../../arm-none-eabi/lib/thumb/v7-m/nofp/libc_nano.a(libc_a-init.o)
__preinit_array_start                             /home/sarthak/.config/Code/User/globalStorage/bmd.stm32-for-vscode/@xpack-dev-tools/arm-none-eabi-gcc/13.2.1-1.1.1/.content/bin/../lib/gcc/arm-none-eabi/13.2.1/../../../../arm-none-eabi/lib/thumb/v7-m/nofp/libc_nano.a(libc_a-init.o)
__register_exitproc                               /home/sarthak/.config/Code/User/globalStorage/bmd.stm32-for-vscode/@xpack-dev-tools/arm-none-eabi-gcc/13.2.1-1.1.1/.content/bin/../lib/gcc/arm-none-eabi/13.2.1/../../../../arm-none-eabi/lib/thumb/v7-m/nofp/libc_nano.a(libc_a-__atexit.o)
                                                  /home/sarthak/.config/Code/User/globalStorage/bmd.stm32-for-vscode/@xpack-dev-tools/arm-none-eabi-gcc/13.2.1-1.1.1/.content/bin/../lib/gcc/arm-none-eabi/13.2.1/../../../../arm-none-eabi/lib/thumb/v7-m/nofp/libc_nano.a(libc_a-atexit.o)
__register_frame_info                             /home/sarthak/.config/Code/User/globalStorage/bmd.stm32-for-vscode/@xpack-dev-tools/arm-none-eabi-gcc/13.2.1-1.1.1/.content/bin/../lib/gcc/arm-none-eabi/13.2.1/thumb/v7-m/nofp/crtbegin.o
__retarget_lock_acquire                           /home/sarthak/.config/Code/User/globalStorage/bmd.stm32-for-vscode/@xpack-dev-tools/arm-none-eabi-gcc/13.2.1-1.1.1/.content/bin/../lib/gcc/arm-none-eabi/13.2.1/../../../../arm-none-eabi/lib/thumb/v7-m/nofp/libc_nano.a(libc_a-lock.o)
__retarget_lock_acquire_recursive                 /home/sarthak/.config/Code/User/globalStorage/bmd.stm32-for-vscode/@xpack-dev-tools/arm-none-eabi-gcc/13.2.1-1.1.1/.content/bin/../lib/gcc/arm-none-eabi/13.2.1/../../../../arm-none-eabi/lib/thumb/v7-m/nofp/libc_nano.a(libc_a-lock.o)
                                                  /home/sarthak/.config/Code/User/globalStorage/bmd.stm32-for-vscode/@xpack-dev-tools/arm-none-eabi-gcc/13.2.1-1.1.1/.content/bin/../lib/gcc/arm-none-eabi/13.2.1/../../../../arm-none-eabi/lib/thumb/v7-m/nofp/libc_nano.a(libc_a-fflush.o)
                                                  /home/sarthak/.config/Code/User/globalStorage/bmd.stm32-for-vscode/@xpack-dev-tools/arm-none-eabi-gcc/13.2.1-1.1.1/.content/bin/../lib/gcc/arm-none-eabi/13.2.1/../../../../arm-none-eabi/lib/thumb/v7-m/nofp/libc_nano.a(libc_a-mlock.o)
                                                  /home/sarthak/.config/Code/User/globalStorage/bmd.stm32-for-vscode/@xpack-dev-tools/arm-none-eabi-gcc/13.2.1-1.1.1/.content/bin/../lib/gcc/arm-none-eabi/13.2.1/../../../../arm-none-eabi/lib/thumb/v7-m/nofp/libc_nano.a(libc_a-__call_atexit.o)
                                                  /home/sarthak/.config/Code/User/globalStorage/bmd.stm32-for-vscode/@xpack-dev-tools/arm-none-eabi-gcc/13.2.1-1.1.1/.content/bin/../lib/gcc/arm-none-eabi/13.2.1/../../../../arm-none-eabi/lib/thumb/v7-m/nofp/libc_nano.a(libc_a-__atexit.o)
                                                  /home/sarthak/.config/Code/User/globalStorage/bmd.stm32-for-vscode/@xpack-dev-tools/arm-none-eabi-gcc/13.2.1-1.1.1/.content/bin/../lib/gcc/arm-none-eabi/13.2.1/../../../../arm-none-eabi/lib/thumb/v7-m/nofp/libc_nano.a(libc_a-findfp.o)
__retarget_lock_close                             /home/sarthak/.config/Code/User/globalStorage/bmd.stm32-for-vscode/@xpack-dev-tools/arm-none-eabi-gcc/13.2.1-1.1.1/.content/bin/../lib/gcc/arm-none-eabi/13.2.1/../../../../arm-none-eabi/lib/thumb/v7-m/nofp/libc_nano.a(libc_a-lock.o)
__retarget_lock_close_recursive                   /home/sarthak/.config/Code/User/globalStorage/bmd.stm32-for-vscode/@xpack-dev-tools/arm-none-eabi-gcc/13.2.1-1.1.1/.content/bin/../lib/gcc/arm-none-eabi/13.2.1/../../../../arm-none-eabi/lib/thumb/v7-m/nofp/libc_nano.a(libc_a-lock.o)
__retarget_lock_init                              /home/sarthak/.config/Code/User/globalStorage/bmd.stm32-for-vscode/@xpack-dev-tools/arm-none-eabi-gcc/13.2.1-1.1.1/.content/bin/../lib/gcc/arm-none-eabi/13.2.1/../../../../arm-none-eabi/lib/thumb/v7-m/nofp/libc_nano.a(libc_a-lock.o)
__retarget_lock_init_recursive                    /home/sarthak/.config/Code/User/globalStorage/bmd.stm32-for-vscode/@xpack-dev-tools/arm-none-eabi-gcc/13.2.1-1.1.1/.content/bin/../lib/gcc/arm-none-eabi/13.2.1/../../../../arm-none-eabi/lib/thumb/v7-m/nofp/libc_nano.a(libc_a-lock.o)
                                                  /home/sarthak/.config/Code/User/globalStorage/bmd.stm32-for-vscode/@xpack-dev-tools/arm-none-eabi-gcc/13.2.1-1.1.1/.content/bin/../lib/gcc/arm-none-eabi/13.2.1/../../../../arm-none-eabi/lib/thumb/v7-m/nofp/libc_nano.a(libc_a-findfp.o)
__retarget_lock_release                           /home/sarthak/.config/Code/User/globalStorage/bmd.stm32-for-vscode/@xpack-dev-tools/arm-none-eabi-gcc/13.2.1-1.1.1/.content/bin/../lib/gcc/arm-none-eabi/13.2.1/../../../../arm-none-eabi/lib/thumb/v7-m/nofp/libc_nano.a(libc_a-lock.o)
__retarget_lock_release_recursive                 /home/sarthak/.config/Code/User/globalStorage/bmd.stm32-for-vscode/@xpack-dev-tools/arm-none-eabi-gcc/13.2.1-1.1.1/.content/bin/../lib/gcc/arm-none-eabi/13.2.1/../../../../arm-none-eabi/lib/thumb/v7-m/nofp/libc_nano.a(libc_a-lock.o)
                                                  /home/sarthak/.config/Code/User/globalStorage/bmd.stm32-for-vscode/@xpack-dev-tools/arm-none-eabi-gcc/13.2.1-1.1.1/.content/bin/../lib/gcc/arm-none-eabi/13.2.1/../../../../arm-none-eabi/lib/thumb/v7-m/nofp/libc_nano.a(libc_a-fflush.o)
                                                  /home/sarthak/.config/Code/User/globalStorage/bmd.stm32-for-vscode/@xpack-dev-tools/arm-none-eabi-gcc/13.2.1-1.1.1/.content/bin/../lib/gcc/arm-none-eabi/13.2.1/../../../../arm-none-eabi/lib/thumb/v7-m/nofp/libc_nano.a(libc_a-mlock.o)
                                                  /home/sarthak/.config/Code/User/globalStorage/bmd.stm32-for-vscode/@xpack-dev-tools/arm-none-eabi-gcc/13.2.1-1.1.1/.content/bin/../lib/gcc/arm-none-eabi/13.2.1/../../../../arm-none-eabi/lib/thumb/v7-m/nofp/libc_nano.a(libc_a-__call_atexit.o)
                                                  /home/sarthak/.config/Code/User/globalStorage/bmd.stm32-for-vscode/@xpack-dev-tools/arm-none-eabi-gcc/13.2.1-1.1.1/.content/bin/../lib/gcc/arm-none-eabi/13.2.1/../../../../arm-none-eabi/lib/thumb/v7-m/nofp/libc_nano.a(libc_a-__atexit.o)
                                                  /home/sarthak/.config/Code/User/globalStorage/bmd.stm32-for-vscode/@xpack-dev-tools/arm-none-eabi-gcc/13.2.1-1.1.1/.content/bin/../lib/gcc/arm-none-eabi/13.2.1/../../../../arm-none-eabi/lib/thumb/v7-m/nofp/libc_nano.a(libc_a-findfp.o)
__retarget_lock_try_acquire                       /home/sarthak/.config/Code/User/globalStorage/bmd.stm32-for-vscode/@xpack-dev-tools/arm-none-eabi-gcc/13.2.1-1.1.1/.content/bin/../lib/gcc/arm-none-eabi/13.2.1/../../../../arm-none-eabi/lib/thumb/v7-m/nofp/libc_nano.a(libc_a-lock.o)
__retarget_lock_try_acquire_recursive             /home/sarthak/.config/Code/User/globalStorage/bmd.stm32-for-vscode/@xpack-dev-tools/arm-none-eabi-gcc/13.2.1-1.1.1/.content/bin/../lib/gcc/arm-none-eabi/13.2.1/../../../../arm-none-eabi/lib/thumb/v7-m/nofp/libc_nano.a(libc_a-lock.o)